Jan 22 23:01:09 Techashi kernel: microcode: microcode updated early to revision 0x100, date = 2024-11-17
Jan 22 23:01:09 Techashi kernel: Linux version 6.1.0-42-amd64 (debian-kernel@lists.debian.org) (gcc-12 (Debian 12.2.0-14+deb12u1) 12.2.0, GNU ld (GNU Binutils for Debian) 2.40) #1 SMP PREEMPT_DYNAMIC Debian 6.1.159-1 (2025-12-30)
Jan 22 23:01:09 Techashi kernel: Command line: BOOT_IMAGE=/boot/vmlinuz-6.1.0-42-amd64 root=UUID=71fee33b-6cd7-4457-8ee1-cbbe8db307cb ro quiet crashkernel=384M-:128M
Jan 22 23:01:09 Techashi kernel: BIOS-provided physical RAM map:
Jan 22 23:01:09 Techashi kernel: BIOS-e820: [mem 0x0000000000000000-0x000000000009efff] usable
Jan 22 23:01:09 Techashi kernel: BIOS-e820: [mem 0x000000000009f000-0x00000000000fffff] reserved
Jan 22 23:01:09 Techashi kernel: BIOS-e820: [mem 0x0000000000100000-0x000000007f216fff] usable
Jan 22 23:01:09 Techashi kernel: BIOS-e820: [mem 0x000000007f217000-0x000000007fb16fff] reserved
Jan 22 23:01:09 Techashi kernel: BIOS-e820: [mem 0x000000007fb17000-0x000000008dd2cfff] usable
Jan 22 23:01:09 Techashi kernel: BIOS-e820: [mem 0x000000008dd2d000-0x000000008e0fcfff] type 20
Jan 22 23:01:09 Techashi kernel: BIOS-e820: [mem 0x000000008e0fd000-0x000000008f2cdfff] reserved
Jan 22 23:01:09 Techashi kernel: BIOS-e820: [mem 0x000000008f2ce000-0x000000008fbcdfff] ACPI NVS
Jan 22 23:01:09 Techashi kernel: BIOS-e820: [mem 0x000000008fbce000-0x000000008fc4dfff] ACPI data
Jan 22 23:01:09 Techashi kernel: BIOS-e820: [mem 0x000000008fc4e000-0x000000008fc4efff] usable
Jan 22 23:01:09 Techashi kernel: BIOS-e820: [mem 0x000000008fc4f000-0x000000009b7fffff] reserved
Jan 22 23:01:09 Techashi kernel: BIOS-e820: [mem 0x00000000e0000000-0x00000000efffffff] reserved
Jan 22 23:01:09 Techashi kernel: BIOS-e820: [mem 0x00000000fe000000-0x00000000fe010fff] reserved
Jan 22 23:01:09 Techashi kernel: BIOS-e820: [mem 0x00000000fed10000-0x00000000fed19fff] reserved
Jan 22 23:01:09 Techashi kernel: BIOS-e820: [mem 0x00000000fed84000-0x00000000fed84fff] reserved
Jan 22 23:01:09 Techashi kernel: BIOS-e820: [mem 0x00000000fee00000-0x00000000fee00fff] reserved
Jan 22 23:01:09 Techashi kernel: BIOS-e820: [mem 0x00000000ff500000-0x00000000ffffffff] reserved
Jan 22 23:01:09 Techashi kernel: BIOS-e820: [mem 0x0000000100000000-0x00000002627fffff] usable
Jan 22 23:01:09 Techashi kernel: NX (Execute Disable) protection: active
Jan 22 23:01:09 Techashi kernel: efi: EFI v2.70 by XXXXXX
Jan 22 23:01:09 Techashi kernel: efi: ACPI=0x8fc4d000 ACPI 2.0=0x8fc4d014 TPMFinalLog=0x8fbc5000 SMBIOS=0x8e2c3000 SMBIOS 3.0=0x8e2c1000 ESRT=0x8e2bfb98 MOKvar=0x8e277000 
Jan 22 23:01:09 Techashi kernel: secureboot: Secure boot disabled
Jan 22 23:01:09 Techashi kernel: SMBIOS 3.2.0 present.
Jan 22 23:01:09 Techashi kernel: DMI: HUAWEI NBLB-WAX9N/NBLB-WAX9N-PCB-B2, BIOS 1.45 01/17/2023
Jan 22 23:01:09 Techashi kernel: tsc: Detected 2100.000 MHz processor
Jan 22 23:01:09 Techashi kernel: tsc: Detected 2099.944 MHz TSC
Jan 22 23:01:09 Techashi kernel: e820: update [mem 0x00000000-0x00000fff] usable ==> reserved
Jan 22 23:01:09 Techashi kernel: e820: remove [mem 0x000a0000-0x000fffff] usable
Jan 22 23:01:09 Techashi kernel: last_pfn = 0x262800 max_arch_pfn = 0x400000000
Jan 22 23:01:09 Techashi kernel: x86/PAT: Configuration [0-7]: WB  WC  UC- UC  WB  WP  UC- WT  
Jan 22 23:01:09 Techashi kernel: last_pfn = 0x8fc4f max_arch_pfn = 0x400000000
Jan 22 23:01:09 Techashi kernel: esrt: Reserving ESRT space from 0x000000008e2bfb98 to 0x000000008e2bfbf8.
Jan 22 23:01:09 Techashi kernel: Using GB pages for direct mapping
Jan 22 23:01:09 Techashi kernel: RAMDISK: [mem 0x2fa43000-0x33d18fff]
Jan 22 23:01:09 Techashi kernel: ACPI: Early table checksum verification disabled
Jan 22 23:01:09 Techashi kernel: ACPI: RSDP 0x000000008FC4D014 000024 (v02 XXXXXX)
Jan 22 23:01:09 Techashi kernel: ACPI: XSDT 0x000000008FC2B188 0000FC (v01 XXXXXX CML-ULT  00000002      01000013)
Jan 22 23:01:09 Techashi kernel: ACPI: FACP 0x000000008FC2E000 00010C (v05 XXXXXX CML-ULT  00000002      01000013)
Jan 22 23:01:09 Techashi kernel: ACPI: DSDT 0x000000008FBF5000 03551E (v02 XXXXXX CML-ULT  00000002      01000013)
Jan 22 23:01:09 Techashi kernel: ACPI: FACS 0x000000008FB65000 000040
Jan 22 23:01:09 Techashi kernel: ACPI: UEFI 0x000000008FBCD000 000236 (v01 XXXXXX H2O BIOS 00000001 ACPI 00040000)
Jan 22 23:01:09 Techashi kernel: ACPI: SSDT 0x000000008FC47000 0046E3 (v02 XXXXXX DptfTabl 00001000 INTL 20160422)
Jan 22 23:01:09 Techashi kernel: ACPI: SSDT 0x000000008FC44000 0020AD (v02 XXXXXX CpuSsdt  00003000 INTL 20160422)
Jan 22 23:01:09 Techashi kernel: ACPI: SSDT 0x000000008FC40000 0031DA (v02 XXXXXX SaSsdt   00003000 INTL 20160422)
Jan 22 23:01:09 Techashi kernel: ACPI: SSDT 0x000000008FC3F000 00045A (v02 XXXXXX Tpm2Tabl 00001000 INTL 20160422)
Jan 22 23:01:09 Techashi kernel: ACPI: SSDT 0x000000008FC3E000 000046 (v02 XXXXXX MeSsdt   00003000 INTL 20160422)
Jan 22 23:01:09 Techashi kernel: ACPI: TPM2 0x000000008FC3D000 000034 (v03 XXXXXX EDK2     00000002      01000013)
Jan 22 23:01:09 Techashi kernel: ACPI: MSDM 0x000000008FC3C000 000055 (v03 XXXXXX H2O BIOS 00000001 ACPI 00040000)
Jan 22 23:01:09 Techashi kernel: ACPI: SSDT 0x000000008FC3B000 000DE3 (v01 XXXXXX WmiTable 00001000 INTL 20160422)
Jan 22 23:01:09 Techashi kernel: ACPI: LPIT 0x000000008FC3A000 000094 (v01 XXXXXX CML-ULT  00000002      01000013)
Jan 22 23:01:09 Techashi kernel: ACPI: WSMT 0x000000008FC39000 000028 (v01 XXXXXX CML-ULT  00000002      01000013)
Jan 22 23:01:09 Techashi kernel: ACPI: SSDT 0x000000008FC38000 000B14 (v02 XXXXXX PtidDevc 00001000 INTL 20160422)
Jan 22 23:01:09 Techashi kernel: ACPI: DBGP 0x000000008FC37000 000034 (v01 XXXXXX          00000002 ACPI 00040000)
Jan 22 23:01:09 Techashi kernel: ACPI: DBG2 0x000000008FC36000 000054 (v00 XXXXXX          00000002 ACPI 00040000)
Jan 22 23:01:09 Techashi kernel: ACPI: SSDT 0x000000008FC35000 000B9F (v02 XXXXXX UsbCTabl 00001000 INTL 20160422)
Jan 22 23:01:09 Techashi kernel: ACPI: SSDT 0x000000008FC31000 003218 (v02 XXXXXX xh_cmud4 00000000 INTL 20160422)
Jan 22 23:01:09 Techashi kernel: ACPI: NHLT 0x000000008FC2F000 001973 (v00 XXXXXX CML-ULT  00000002      01000013)
Jan 22 23:01:09 Techashi kernel: ACPI: HPET 0x000000008FC2D000 000038 (v01 XXXXXX CML-ULT  00000002      01000013)
Jan 22 23:01:09 Techashi kernel: ACPI: APIC 0x000000008FC2C000 000164 (v03 XXXXXX CML-ULT  00000002      01000013)
Jan 22 23:01:09 Techashi kernel: ACPI: MCFG 0x000000008FC4C000 00003C (v01 XXXXXX CML-ULT  00000002      01000013)
Jan 22 23:01:09 Techashi kernel: ACPI: SSDT 0x000000008FBF4000 000FBD (v02 XXXXXX CML-ULT  00000002      01000013)
Jan 22 23:01:09 Techashi kernel: ACPI: SSDT 0x000000008FBF1000 00115F (v02 XXXXXX SgRpSsdt 00001000 INTL 20160422)
Jan 22 23:01:09 Techashi kernel: ACPI: SSDT 0x000000008FBF0000 000164 (v01 XXXXXX PcdTabl  00001000 INTL 20160422)
Jan 22 23:01:09 Techashi kernel: ACPI: DMAR 0x000000008FBF3000 0000A8 (v01 XXXXXX EDK2     00000002      01000013)
Jan 22 23:01:09 Techashi kernel: ACPI: FPDT 0x000000008FBEF000 000044 (v01 XXXXXX CML-ULT  00000002      01000013)
Jan 22 23:01:09 Techashi kernel: ACPI: BGRT 0x000000008FBEE000 000038 (v01 XXXXXX H2O BIOS 00000001 ACPI 00040000)
Jan 22 23:01:09 Techashi kernel: ACPI: Reserving FACP table memory at [mem 0x8fc2e000-0x8fc2e10b]
Jan 22 23:01:09 Techashi kernel: ACPI: Reserving DSDT table memory at [mem 0x8fbf5000-0x8fc2a51d]
Jan 22 23:01:09 Techashi kernel: ACPI: Reserving FACS table memory at [mem 0x8fb65000-0x8fb6503f]
Jan 22 23:01:09 Techashi kernel: ACPI: Reserving UEFI table memory at [mem 0x8fbcd000-0x8fbcd235]
Jan 22 23:01:09 Techashi kernel: ACPI: Reserving SSDT table memory at [mem 0x8fc47000-0x8fc4b6e2]
Jan 22 23:01:09 Techashi kernel: ACPI: Reserving SSDT table memory at [mem 0x8fc44000-0x8fc460ac]
Jan 22 23:01:09 Techashi kernel: ACPI: Reserving SSDT table memory at [mem 0x8fc40000-0x8fc431d9]
Jan 22 23:01:09 Techashi kernel: ACPI: Reserving SSDT table memory at [mem 0x8fc3f000-0x8fc3f459]
Jan 22 23:01:09 Techashi kernel: ACPI: Reserving SSDT table memory at [mem 0x8fc3e000-0x8fc3e045]
Jan 22 23:01:09 Techashi kernel: ACPI: Reserving TPM2 table memory at [mem 0x8fc3d000-0x8fc3d033]
Jan 22 23:01:09 Techashi kernel: ACPI: Reserving MSDM table memory at [mem 0x8fc3c000-0x8fc3c054]
Jan 22 23:01:09 Techashi kernel: ACPI: Reserving SSDT table memory at [mem 0x8fc3b000-0x8fc3bde2]
Jan 22 23:01:09 Techashi kernel: ACPI: Reserving LPIT table memory at [mem 0x8fc3a000-0x8fc3a093]
Jan 22 23:01:09 Techashi kernel: ACPI: Reserving WSMT table memory at [mem 0x8fc39000-0x8fc39027]
Jan 22 23:01:09 Techashi kernel: ACPI: Reserving SSDT table memory at [mem 0x8fc38000-0x8fc38b13]
Jan 22 23:01:09 Techashi kernel: ACPI: Reserving DBGP table memory at [mem 0x8fc37000-0x8fc37033]
Jan 22 23:01:09 Techashi kernel: ACPI: Reserving DBG2 table memory at [mem 0x8fc36000-0x8fc36053]
Jan 22 23:01:09 Techashi kernel: ACPI: Reserving SSDT table memory at [mem 0x8fc35000-0x8fc35b9e]
Jan 22 23:01:09 Techashi kernel: ACPI: Reserving SSDT table memory at [mem 0x8fc31000-0x8fc34217]
Jan 22 23:01:09 Techashi kernel: ACPI: Reserving NHLT table memory at [mem 0x8fc2f000-0x8fc30972]
Jan 22 23:01:09 Techashi kernel: ACPI: Reserving HPET table memory at [mem 0x8fc2d000-0x8fc2d037]
Jan 22 23:01:09 Techashi kernel: ACPI: Reserving APIC table memory at [mem 0x8fc2c000-0x8fc2c163]
Jan 22 23:01:09 Techashi kernel: ACPI: Reserving MCFG table memory at [mem 0x8fc4c000-0x8fc4c03b]
Jan 22 23:01:09 Techashi kernel: ACPI: Reserving SSDT table memory at [mem 0x8fbf4000-0x8fbf4fbc]
Jan 22 23:01:09 Techashi kernel: ACPI: Reserving SSDT table memory at [mem 0x8fbf1000-0x8fbf215e]
Jan 22 23:01:09 Techashi kernel: ACPI: Reserving SSDT table memory at [mem 0x8fbf0000-0x8fbf0163]
Jan 22 23:01:09 Techashi kernel: ACPI: Reserving DMAR table memory at [mem 0x8fbf3000-0x8fbf30a7]
Jan 22 23:01:09 Techashi kernel: ACPI: Reserving FPDT table memory at [mem 0x8fbef000-0x8fbef043]
Jan 22 23:01:09 Techashi kernel: ACPI: Reserving BGRT table memory at [mem 0x8fbee000-0x8fbee037]
Jan 22 23:01:09 Techashi kernel: No NUMA configuration found
Jan 22 23:01:09 Techashi kernel: Faking a node at [mem 0x0000000000000000-0x00000002627fffff]
Jan 22 23:01:09 Techashi kernel: NODE_DATA(0) allocated [mem 0x2627d5000-0x2627fffff]
Jan 22 23:01:09 Techashi kernel: Reserving 128MB of memory at 2128MB for crashkernel (System RAM: 7931MB)
Jan 22 23:01:09 Techashi kernel: Zone ranges:
Jan 22 23:01:09 Techashi kernel:   DMA      [mem 0x0000000000001000-0x0000000000ffffff]
Jan 22 23:01:09 Techashi kernel:   DMA32    [mem 0x0000000001000000-0x00000000ffffffff]
Jan 22 23:01:09 Techashi kernel:   Normal   [mem 0x0000000100000000-0x00000002627fffff]
Jan 22 23:01:09 Techashi kernel:   Device   empty
Jan 22 23:01:09 Techashi kernel: Movable zone start for each node
Jan 22 23:01:09 Techashi kernel: Early memory node ranges
Jan 22 23:01:09 Techashi kernel:   node   0: [mem 0x0000000000001000-0x000000000009efff]
Jan 22 23:01:09 Techashi kernel:   node   0: [mem 0x0000000000100000-0x000000007f216fff]
Jan 22 23:01:09 Techashi kernel:   node   0: [mem 0x000000007fb17000-0x000000008dd2cfff]
Jan 22 23:01:09 Techashi kernel:   node   0: [mem 0x000000008fc4e000-0x000000008fc4efff]
Jan 22 23:01:09 Techashi kernel:   node   0: [mem 0x0000000100000000-0x00000002627fffff]
Jan 22 23:01:09 Techashi kernel: Initmem setup node 0 [mem 0x0000000000001000-0x00000002627fffff]
Jan 22 23:01:09 Techashi kernel: On node 0, zone DMA: 1 pages in unavailable ranges
Jan 22 23:01:09 Techashi kernel: On node 0, zone DMA: 97 pages in unavailable ranges
Jan 22 23:01:09 Techashi kernel: On node 0, zone DMA32: 2304 pages in unavailable ranges
Jan 22 23:01:09 Techashi kernel: On node 0, zone DMA32: 7969 pages in unavailable ranges
Jan 22 23:01:09 Techashi kernel: On node 0, zone Normal: 945 pages in unavailable ranges
Jan 22 23:01:09 Techashi kernel: On node 0, zone Normal: 22528 pages in unavailable ranges
Jan 22 23:01:09 Techashi kernel: Reserving Intel graphics memory at [mem 0x99800000-0x9b7fffff]
Jan 22 23:01:09 Techashi kernel: ACPI: PM-Timer IO Port: 0x1808
Jan 22 23:01:09 Techashi kernel: ACPI: LAPIC_NMI (acpi_id[0x01] high edge lint[0x1])
Jan 22 23:01:09 Techashi kernel: ACPI: LAPIC_NMI (acpi_id[0x02] high edge lint[0x1])
Jan 22 23:01:09 Techashi kernel: ACPI: LAPIC_NMI (acpi_id[0x03] high edge lint[0x1])
Jan 22 23:01:09 Techashi kernel: ACPI: LAPIC_NMI (acpi_id[0x04] high edge lint[0x1])
Jan 22 23:01:09 Techashi kernel: ACPI: LAPIC_NMI (acpi_id[0x05] high edge lint[0x1])
Jan 22 23:01:09 Techashi kernel: ACPI: LAPIC_NMI (acpi_id[0x06] high edge lint[0x1])
Jan 22 23:01:09 Techashi kernel: ACPI: LAPIC_NMI (acpi_id[0x07] high edge lint[0x1])
Jan 22 23:01:09 Techashi kernel: ACPI: LAPIC_NMI (acpi_id[0x08] high edge lint[0x1])
Jan 22 23:01:09 Techashi kernel: ACPI: LAPIC_NMI (acpi_id[0x09] high edge lint[0x1])
Jan 22 23:01:09 Techashi kernel: ACPI: LAPIC_NMI (acpi_id[0x0a] high edge lint[0x1])
Jan 22 23:01:09 Techashi kernel: ACPI: LAPIC_NMI (acpi_id[0x0b] high edge lint[0x1])
Jan 22 23:01:09 Techashi kernel: ACPI: LAPIC_NMI (acpi_id[0x0c] high edge lint[0x1])
Jan 22 23:01:09 Techashi kernel: ACPI: LAPIC_NMI (acpi_id[0x0d] high edge lint[0x1])
Jan 22 23:01:09 Techashi kernel: ACPI: LAPIC_NMI (acpi_id[0x0e] high edge lint[0x1])
Jan 22 23:01:09 Techashi kernel: ACPI: LAPIC_NMI (acpi_id[0x0f] high edge lint[0x1])
Jan 22 23:01:09 Techashi kernel: ACPI: LAPIC_NMI (acpi_id[0x10] high edge lint[0x1])
Jan 22 23:01:09 Techashi kernel: ACPI: LAPIC_NMI (acpi_id[0x11] high edge lint[0x1])
Jan 22 23:01:09 Techashi kernel: ACPI: LAPIC_NMI (acpi_id[0x12] high edge lint[0x1])
Jan 22 23:01:09 Techashi kernel: ACPI: LAPIC_NMI (acpi_id[0x13] high edge lint[0x1])
Jan 22 23:01:09 Techashi kernel: ACPI: LAPIC_NMI (acpi_id[0x14] high edge lint[0x1])
Jan 22 23:01:09 Techashi kernel: IOAPIC[0]: apic_id 2, version 32, address 0xfec00000, GSI 0-119
Jan 22 23:01:09 Techashi kernel: ACPI: INT_SRC_OVR (bus 0 bus_irq 0 global_irq 2 dfl dfl)
Jan 22 23:01:09 Techashi kernel: ACPI: INT_SRC_OVR (bus 0 bus_irq 9 global_irq 9 high level)
Jan 22 23:01:09 Techashi kernel: ACPI: Using ACPI (MADT) for SMP configuration information
Jan 22 23:01:09 Techashi kernel: ACPI: HPET id: 0x8086a201 base: 0xfed00000
Jan 22 23:01:09 Techashi kernel: e820: update [mem 0x7b872000-0x7b89afff] usable ==> reserved
Jan 22 23:01:09 Techashi kernel: TSC deadline timer available
Jan 22 23:01:09 Techashi kernel: smpboot: Allowing 8 CPUs, 0 hotplug CPUs
Jan 22 23:01:09 Techashi kernel: PM: hibernation: Registered nosave memory: [mem 0x00000000-0x00000fff]
Jan 22 23:01:09 Techashi kernel: PM: hibernation: Registered nosave memory: [mem 0x0009f000-0x000fffff]
Jan 22 23:01:09 Techashi kernel: PM: hibernation: Registered nosave memory: [mem 0x7b872000-0x7b89afff]
Jan 22 23:01:09 Techashi kernel: PM: hibernation: Registered nosave memory: [mem 0x7f217000-0x7fb16fff]
Jan 22 23:01:09 Techashi kernel: PM: hibernation: Registered nosave memory: [mem 0x8dd2d000-0x8fc4dfff]
Jan 22 23:01:09 Techashi kernel: PM: hibernation: Registered nosave memory: [mem 0x8fc4f000-0xffffffff]
Jan 22 23:01:09 Techashi kernel: [mem 0x9b800000-0xdfffffff] available for PCI devices
Jan 22 23:01:09 Techashi kernel: Booting paravirtualized kernel on bare hardware
Jan 22 23:01:09 Techashi kernel: clocksource: refined-jiffies: mask: 0xffffffff max_cycles: 0xffffffff, max_idle_ns: 7645519600211568 ns
Jan 22 23:01:09 Techashi kernel: setup_percpu: NR_CPUS:8192 nr_cpumask_bits:8 nr_cpu_ids:8 nr_node_ids:1
Jan 22 23:01:09 Techashi kernel: percpu: Embedded 62 pages/cpu s217088 r8192 d28672 u262144
Jan 22 23:01:09 Techashi kernel: pcpu-alloc: s217088 r8192 d28672 u262144 alloc=1*2097152
Jan 22 23:01:09 Techashi kernel: pcpu-alloc: [0] 0 1 2 3 4 5 6 7 
Jan 22 23:01:09 Techashi kernel: Fallback order for Node 0: 0 
Jan 22 23:01:09 Techashi kernel: Built 1 zonelists, mobility grouping on.  Total pages: 1998653
Jan 22 23:01:09 Techashi kernel: Policy zone: Normal
Jan 22 23:01:09 Techashi kernel: Kernel command line: BOOT_IMAGE=/boot/vmlinuz-6.1.0-42-amd64 root=UUID=71fee33b-6cd7-4457-8ee1-cbbe8db307cb ro quiet crashkernel=384M-:128M
Jan 22 23:01:09 Techashi kernel: random: crng init done
Jan 22 23:01:09 Techashi kernel: Dentry cache hash table entries: 1048576 (order: 11, 8388608 bytes, linear)
Jan 22 23:01:09 Techashi kernel: Inode-cache hash table entries: 524288 (order: 10, 4194304 bytes, linear)
Jan 22 23:01:09 Techashi kernel: mem auto-init: stack:all(zero), heap alloc:on, heap free:off
Jan 22 23:01:09 Techashi kernel: software IO TLB: area num 8.
Jan 22 23:01:09 Techashi kernel: Memory: 2105764K/8122160K available (14343K kernel code, 2337K rwdata, 9108K rodata, 2812K init, 17368K bss, 536708K reserved, 0K cma-reserved)
Jan 22 23:01:09 Techashi kernel: SLUB: HWalign=64, Order=0-3, MinObjects=0, CPUs=8, Nodes=1
Jan 22 23:01:09 Techashi kernel: ftrace: allocating 40407 entries in 158 pages
Jan 22 23:01:09 Techashi kernel: ftrace: allocated 158 pages with 5 groups
Jan 22 23:01:09 Techashi kernel: Dynamic Preempt: voluntary
Jan 22 23:01:09 Techashi kernel: rcu: Preemptible hierarchical RCU implementation.
Jan 22 23:01:09 Techashi kernel: rcu:         RCU restricting CPUs from NR_CPUS=8192 to nr_cpu_ids=8.
Jan 22 23:01:09 Techashi kernel:         Trampoline variant of Tasks RCU enabled.
Jan 22 23:01:09 Techashi kernel:         Rude variant of Tasks RCU enabled.
Jan 22 23:01:09 Techashi kernel:         Tracing variant of Tasks RCU enabled.
Jan 22 23:01:09 Techashi kernel: rcu: RCU calculated value of scheduler-enlistment delay is 25 jiffies.
Jan 22 23:01:09 Techashi kernel: rcu: Adjusting geometry for rcu_fanout_leaf=16, nr_cpu_ids=8
Jan 22 23:01:09 Techashi kernel: NR_IRQS: 524544, nr_irqs: 2048, preallocated irqs: 16
Jan 22 23:01:09 Techashi kernel: rcu: srcu_init: Setting srcu_struct sizes based on contention.
Jan 22 23:01:09 Techashi kernel: Console: colour dummy device 80x25
Jan 22 23:01:09 Techashi kernel: printk: console [tty0] enabled
Jan 22 23:01:09 Techashi kernel: ACPI: Core revision 20220331
Jan 22 23:01:09 Techashi kernel: hpet: HPET dysfunctional in PC10. Force disabled.
Jan 22 23:01:09 Techashi kernel: APIC: Switch to symmetric I/O mode setup
Jan 22 23:01:09 Techashi kernel: DMAR: Host address width 39
Jan 22 23:01:09 Techashi kernel: DMAR: DRHD base: 0x000000fed90000 flags: 0x0
Jan 22 23:01:09 Techashi kernel: DMAR: dmar0: reg_base_addr fed90000 ver 1:0 cap 1c0000c40660462 ecap 19e2ff0505e
Jan 22 23:01:09 Techashi kernel: DMAR: DRHD base: 0x000000fed91000 flags: 0x1
Jan 22 23:01:09 Techashi kernel: DMAR: dmar1: reg_base_addr fed91000 ver 1:0 cap d2008c40660462 ecap f050da
Jan 22 23:01:09 Techashi kernel: DMAR: RMRR base: 0x0000008f195000 end: 0x0000008f1b4fff
Jan 22 23:01:09 Techashi kernel: DMAR: RMRR base: 0x00000099000000 end: 0x0000009b7fffff
Jan 22 23:01:09 Techashi kernel: DMAR-IR: IOAPIC id 2 under DRHD base  0xfed91000 IOMMU 1
Jan 22 23:01:09 Techashi kernel: DMAR-IR: HPET id 0 under DRHD base 0xfed91000
Jan 22 23:01:09 Techashi kernel: DMAR-IR: Queued invalidation will be enabled to support x2apic and Intr-remapping.
Jan 22 23:01:09 Techashi kernel: DMAR-IR: Enabled IRQ remapping in x2apic mode
Jan 22 23:01:09 Techashi kernel: x2apic enabled
Jan 22 23:01:09 Techashi kernel: Switched APIC routing to cluster x2apic.
Jan 22 23:01:09 Techashi kernel: clocksource: tsc-early: mask: 0xffffffffffffffff max_cycles: 0x1e44fb6c2ab, max_idle_ns: 440795206594 ns
Jan 22 23:01:09 Techashi kernel: Calibrating delay loop (skipped), value calculated using timer frequency.. 4199.88 BogoMIPS (lpj=8399776)
Jan 22 23:01:09 Techashi kernel: CPU0: Thermal monitoring enabled (TM1)
Jan 22 23:01:09 Techashi kernel: process: using mwait in idle threads
Jan 22 23:01:09 Techashi kernel: Last level iTLB entries: 4KB 64, 2MB 8, 4MB 8
Jan 22 23:01:09 Techashi kernel: Last level dTLB entries: 4KB 64, 2MB 32, 4MB 32, 1GB 4
Jan 22 23:01:09 Techashi kernel: Spectre V1 : Mitigation: usercopy/swapgs barriers and __user pointer sanitization
Jan 22 23:01:09 Techashi kernel: Spectre V2 : Spectre BHI mitigation: SW BHB clearing on vm exit
Jan 22 23:01:09 Techashi kernel: Spectre V2 : Spectre BHI mitigation: SW BHB clearing on syscall
Jan 22 23:01:09 Techashi kernel: Spectre V2 : Mitigation: Enhanced / Automatic IBRS
Jan 22 23:01:09 Techashi kernel: Spectre V2 : Spectre v2 / PBRSB-eIBRS: Retire a single CALL on VMEXIT
Jan 22 23:01:09 Techashi kernel: RETBleed: Mitigation: Enhanced IBRS
Jan 22 23:01:09 Techashi kernel: Spectre V2 : mitigation: Enabling conditional Indirect Branch Prediction Barrier
Jan 22 23:01:09 Techashi kernel: Speculative Store Bypass: Mitigation: Speculative Store Bypass disabled via prctl
Jan 22 23:01:09 Techashi kernel: MMIO Stale Data: Mitigation: Clear CPU buffers
Jan 22 23:01:09 Techashi kernel: SRBDS: Mitigation: Microcode
Jan 22 23:01:09 Techashi kernel: GDS: Mitigation: Microcode
Jan 22 23:01:09 Techashi kernel: active return thunk: its_return_thunk
Jan 22 23:01:09 Techashi kernel: ITS: Mitigation: Aligned branch/return thunks
Jan 22 23:01:09 Techashi kernel: VMSCAPE: Mitigation: IBPB before exit to userspace
Jan 22 23:01:09 Techashi kernel: x86/fpu: Supporting XSAVE feature 0x001: 'x87 floating point registers'
Jan 22 23:01:09 Techashi kernel: x86/fpu: Supporting XSAVE feature 0x002: 'SSE registers'
Jan 22 23:01:09 Techashi kernel: x86/fpu: Supporting XSAVE feature 0x004: 'AVX registers'
Jan 22 23:01:09 Techashi kernel: x86/fpu: Supporting XSAVE feature 0x008: 'MPX bounds registers'
Jan 22 23:01:09 Techashi kernel: x86/fpu: Supporting XSAVE feature 0x010: 'MPX CSR'
Jan 22 23:01:09 Techashi kernel: x86/fpu: xstate_offset[2]:  576, xstate_sizes[2]:  256
Jan 22 23:01:09 Techashi kernel: x86/fpu: xstate_offset[3]:  832, xstate_sizes[3]:   64
Jan 22 23:01:09 Techashi kernel: x86/fpu: xstate_offset[4]:  896, xstate_sizes[4]:   64
Jan 22 23:01:09 Techashi kernel: x86/fpu: Enabled xstate features 0x1f, context size is 960 bytes, using 'compacted' format.
Jan 22 23:01:09 Techashi kernel: Freeing SMP alternatives memory: 36K
Jan 22 23:01:09 Techashi kernel: pid_max: default: 32768 minimum: 301
Jan 22 23:01:09 Techashi kernel: LSM: Security Framework initializing
Jan 22 23:01:09 Techashi kernel: landlock: Up and running.
Jan 22 23:01:09 Techashi kernel: Yama: disabled by default; enable with sysctl kernel.yama.*
Jan 22 23:01:09 Techashi kernel: AppArmor: AppArmor initialized
Jan 22 23:01:09 Techashi kernel: TOMOYO Linux initialized
Jan 22 23:01:09 Techashi kernel: LSM support for eBPF active
Jan 22 23:01:09 Techashi kernel: Mount-cache hash table entries: 16384 (order: 5, 131072 bytes, linear)
Jan 22 23:01:09 Techashi kernel: Mountpoint-cache hash table entries: 16384 (order: 5, 131072 bytes, linear)
Jan 22 23:01:09 Techashi kernel: smpboot: CPU0: Intel(R) Core(TM) i5-10210U CPU @ 1.60GHz (family: 0x6, model: 0x8e, stepping: 0xc)
Jan 22 23:01:09 Techashi kernel: cblist_init_generic: Setting adjustable number of callback queues.
Jan 22 23:01:09 Techashi kernel: cblist_init_generic: Setting shift to 3 and lim to 1.
Jan 22 23:01:09 Techashi kernel: cblist_init_generic: Setting adjustable number of callback queues.
Jan 22 23:01:09 Techashi kernel: cblist_init_generic: Setting shift to 3 and lim to 1.
Jan 22 23:01:09 Techashi kernel: cblist_init_generic: Setting adjustable number of callback queues.
Jan 22 23:01:09 Techashi kernel: cblist_init_generic: Setting shift to 3 and lim to 1.
Jan 22 23:01:09 Techashi kernel: Performance Events: PEBS fmt3+, Skylake events, 32-deep LBR, full-width counters, Intel PMU driver.
Jan 22 23:01:09 Techashi kernel: ... version:                4
Jan 22 23:01:09 Techashi kernel: ... bit width:              48
Jan 22 23:01:09 Techashi kernel: ... generic registers:      4
Jan 22 23:01:09 Techashi kernel: ... value mask:             0000ffffffffffff
Jan 22 23:01:09 Techashi kernel: ... max period:             00007fffffffffff
Jan 22 23:01:09 Techashi kernel: ... fixed-purpose events:   3
Jan 22 23:01:09 Techashi kernel: ... event mask:             000000070000000f
Jan 22 23:01:09 Techashi kernel: signal: max sigframe size: 2032
Jan 22 23:01:09 Techashi kernel: Estimated ratio of average max frequency by base frequency (times 1024): 1901
Jan 22 23:01:09 Techashi kernel: rcu: Hierarchical SRCU implementation.
Jan 22 23:01:09 Techashi kernel: rcu:         Max phase no-delay instances is 1000.
Jan 22 23:01:09 Techashi kernel: NMI watchdog: Enabled. Permanently consumes one hw-PMU counter.
Jan 22 23:01:09 Techashi kernel: smp: Bringing up secondary CPUs ...
Jan 22 23:01:09 Techashi kernel: x86: Booting SMP configuration:
Jan 22 23:01:09 Techashi kernel: .... node  #0, CPUs:      #1 #2 #3 #4
Jan 22 23:01:09 Techashi kernel: MMIO Stale Data CPU bug present and SMT on, data leak possible. See https://www.kernel.org/doc/html/latest/admin-guide/hw-vuln/processor_mmio_stale_data.html for more details.
Jan 22 23:01:09 Techashi kernel:  #5 #6 #7
Jan 22 23:01:09 Techashi kernel: smp: Brought up 1 node, 8 CPUs
Jan 22 23:01:09 Techashi kernel: smpboot: Max logical packages: 1
Jan 22 23:01:09 Techashi kernel: smpboot: Total of 8 processors activated (33599.10 BogoMIPS)
Jan 22 23:01:09 Techashi kernel: node 0 deferred pages initialised in 4ms
Jan 22 23:01:09 Techashi kernel: devtmpfs: initialized
Jan 22 23:01:09 Techashi kernel: x86/mm: Memory block size: 128MB
Jan 22 23:01:09 Techashi kernel: ACPI: PM: Registering ACPI NVS region [mem 0x8f2ce000-0x8fbcdfff] (9437184 bytes)
Jan 22 23:01:09 Techashi kernel: clocksource: jiffies: mask: 0xffffffff max_cycles: 0xffffffff, max_idle_ns: 7645041785100000 ns
Jan 22 23:01:09 Techashi kernel: futex hash table entries: 2048 (order: 5, 131072 bytes, linear)
Jan 22 23:01:09 Techashi kernel: pinctrl core: initialized pinctrl subsystem
Jan 22 23:01:09 Techashi kernel: NET: Registered PF_NETLINK/PF_ROUTE protocol family
Jan 22 23:01:09 Techashi kernel: DMA: preallocated 1024 KiB GFP_KERNEL pool for atomic allocations
Jan 22 23:01:09 Techashi kernel: DMA: preallocated 1024 KiB GFP_KERNEL|GFP_DMA pool for atomic allocations
Jan 22 23:01:09 Techashi kernel: DMA: preallocated 1024 KiB GFP_KERNEL|GFP_DMA32 pool for atomic allocations
Jan 22 23:01:09 Techashi kernel: audit: initializing netlink subsys (disabled)
Jan 22 23:01:09 Techashi kernel: audit: type=2000 audit(1769115665.028:1): state=initialized audit_enabled=0 res=1
Jan 22 23:01:09 Techashi kernel: thermal_sys: Registered thermal governor 'fair_share'
Jan 22 23:01:09 Techashi kernel: thermal_sys: Registered thermal governor 'bang_bang'
Jan 22 23:01:09 Techashi kernel: thermal_sys: Registered thermal governor 'step_wise'
Jan 22 23:01:09 Techashi kernel: thermal_sys: Registered thermal governor 'user_space'
Jan 22 23:01:09 Techashi kernel: thermal_sys: Registered thermal governor 'power_allocator'
Jan 22 23:01:09 Techashi kernel: cpuidle: using governor ladder
Jan 22 23:01:09 Techashi kernel: cpuidle: using governor menu
Jan 22 23:01:09 Techashi kernel: acpiphp: ACPI Hot Plug PCI Controller Driver version: 0.5
Jan 22 23:01:09 Techashi kernel: PCI: MMCONFIG for domain 0000 [bus 00-ff] at [mem 0xe0000000-0xefffffff] (base 0xe0000000)
Jan 22 23:01:09 Techashi kernel: PCI: MMCONFIG at [mem 0xe0000000-0xefffffff] reserved in E820
Jan 22 23:01:09 Techashi kernel: PCI: Using configuration type 1 for base access
Jan 22 23:01:09 Techashi kernel: ENERGY_PERF_BIAS: Set to 'normal', was 'performance'
Jan 22 23:01:09 Techashi kernel: kprobes: kprobe jump-optimization is enabled. All kprobes are optimized if possible.
Jan 22 23:01:09 Techashi kernel: HugeTLB: registered 1.00 GiB page size, pre-allocated 0 pages
Jan 22 23:01:09 Techashi kernel: HugeTLB: 16380 KiB vmemmap can be freed for a 1.00 GiB page
Jan 22 23:01:09 Techashi kernel: HugeTLB: registered 2.00 MiB page size, pre-allocated 0 pages
Jan 22 23:01:09 Techashi kernel: HugeTLB: 28 KiB vmemmap can be freed for a 2.00 MiB page
Jan 22 23:01:09 Techashi kernel: ACPI: Added _OSI(Module Device)
Jan 22 23:01:09 Techashi kernel: ACPI: Added _OSI(Processor Device)
Jan 22 23:01:09 Techashi kernel: ACPI: Added _OSI(Processor Aggregator Device)
Jan 22 23:01:09 Techashi kernel: ACPI BIOS Error (bug): Failure creating named object [\_SB.PCI0.XHC.RHUB.GPLD], AE_ALREADY_EXISTS (20220331/dswload2-326)
Jan 22 23:01:09 Techashi kernel: ACPI Error: AE_ALREADY_EXISTS, During name lookup/catalog (20220331/psobject-220)
Jan 22 23:01:09 Techashi kernel: ACPI: Skipping parse of AML opcode: OpcodeName unavailable (0x0014)
Jan 22 23:01:09 Techashi kernel: ACPI BIOS Error (bug): Failure creating named object [\_SB.PCI0.XHC.RHUB.TPLD], AE_ALREADY_EXISTS (20220331/dswload2-326)
Jan 22 23:01:09 Techashi kernel: ACPI Error: AE_ALREADY_EXISTS, During name lookup/catalog (20220331/psobject-220)
Jan 22 23:01:09 Techashi kernel: ACPI: Skipping parse of AML opcode: OpcodeName unavailable (0x0014)
Jan 22 23:01:09 Techashi kernel: ACPI BIOS Error (bug): Failure creating named object [\_SB.PCI0.XHC.RHUB.GUPC], AE_ALREADY_EXISTS (20220331/dswload2-326)
Jan 22 23:01:09 Techashi kernel: ACPI Error: AE_ALREADY_EXISTS, During name lookup/catalog (20220331/psobject-220)
Jan 22 23:01:09 Techashi kernel: ACPI: Skipping parse of AML opcode: OpcodeName unavailable (0x0014)
Jan 22 23:01:09 Techashi kernel: ACPI BIOS Error (bug): Failure creating named object [\_SB.PCI0.XHC.RHUB.TUPC], AE_ALREADY_EXISTS (20220331/dswload2-326)
Jan 22 23:01:09 Techashi kernel: ACPI Error: AE_ALREADY_EXISTS, During name lookup/catalog (20220331/psobject-220)
Jan 22 23:01:09 Techashi kernel: ACPI: Skipping parse of AML opcode: OpcodeName unavailable (0x0014)
Jan 22 23:01:09 Techashi kernel: ACPI BIOS Error (bug): Failure creating named object [\_SB.PCI0.XHC.RHUB.HS01._UPC], AE_ALREADY_EXISTS (20220331/dswload2-326)
Jan 22 23:01:09 Techashi kernel: ACPI Error: AE_ALREADY_EXISTS, During name lookup/catalog (20220331/psobject-220)
Jan 22 23:01:09 Techashi kernel: ACPI: Skipping parse of AML opcode: OpcodeName unavailable (0x0014)
Jan 22 23:01:09 Techashi kernel: ACPI BIOS Error (bug): Failure creating named object [\_SB.PCI0.XHC.RHUB.HS01._PLD], AE_ALREADY_EXISTS (20220331/dswload2-326)
Jan 22 23:01:09 Techashi kernel: ACPI Error: AE_ALREADY_EXISTS, During name lookup/catalog (20220331/psobject-220)
Jan 22 23:01:09 Techashi kernel: ACPI: Skipping parse of AML opcode: OpcodeName unavailable (0x0014)
Jan 22 23:01:09 Techashi kernel: ACPI BIOS Error (bug): Failure creating named object [\_SB.PCI0.XHC.RHUB.HS02._UPC], AE_ALREADY_EXISTS (20220331/dswload2-326)
Jan 22 23:01:09 Techashi kernel: ACPI Error: AE_ALREADY_EXISTS, During name lookup/catalog (20220331/psobject-220)
Jan 22 23:01:09 Techashi kernel: ACPI: Skipping parse of AML opcode: OpcodeName unavailable (0x0014)
Jan 22 23:01:09 Techashi kernel: ACPI BIOS Error (bug): Failure creating named object [\_SB.PCI0.XHC.RHUB.HS02._PLD], AE_ALREADY_EXISTS (20220331/dswload2-326)
Jan 22 23:01:09 Techashi kernel: ACPI Error: AE_ALREADY_EXISTS, During name lookup/catalog (20220331/psobject-220)
Jan 22 23:01:09 Techashi kernel: ACPI: Skipping parse of AML opcode: OpcodeName unavailable (0x0014)
Jan 22 23:01:09 Techashi kernel: ACPI BIOS Error (bug): Failure creating named object [\_SB.PCI0.XHC.RHUB.HS03._UPC], AE_ALREADY_EXISTS (20220331/dswload2-326)
Jan 22 23:01:09 Techashi kernel: ACPI Error: AE_ALREADY_EXISTS, During name lookup/catalog (20220331/psobject-220)
Jan 22 23:01:09 Techashi kernel: ACPI: Skipping parse of AML opcode: OpcodeName unavailable (0x0014)
Jan 22 23:01:09 Techashi kernel: ACPI BIOS Error (bug): Failure creating named object [\_SB.PCI0.XHC.RHUB.HS03._PLD], AE_ALREADY_EXISTS (20220331/dswload2-326)
Jan 22 23:01:09 Techashi kernel: ACPI Error: AE_ALREADY_EXISTS, During name lookup/catalog (20220331/psobject-220)
Jan 22 23:01:09 Techashi kernel: ACPI: Skipping parse of AML opcode: OpcodeName unavailable (0x0014)
Jan 22 23:01:09 Techashi kernel: ACPI BIOS Error (bug): Failure creating named object [\_SB.PCI0.XHC.RHUB.HS04._UPC], AE_ALREADY_EXISTS (20220331/dswload2-326)
Jan 22 23:01:09 Techashi kernel: ACPI Error: AE_ALREADY_EXISTS, During name lookup/catalog (20220331/psobject-220)
Jan 22 23:01:09 Techashi kernel: ACPI: Skipping parse of AML opcode: OpcodeName unavailable (0x0014)
Jan 22 23:01:09 Techashi kernel: ACPI BIOS Error (bug): Failure creating named object [\_SB.PCI0.XHC.RHUB.HS04._PLD], AE_ALREADY_EXISTS (20220331/dswload2-326)
Jan 22 23:01:09 Techashi kernel: ACPI Error: AE_ALREADY_EXISTS, During name lookup/catalog (20220331/psobject-220)
Jan 22 23:01:09 Techashi kernel: ACPI: Skipping parse of AML opcode: OpcodeName unavailable (0x0014)
Jan 22 23:01:09 Techashi kernel: ACPI BIOS Error (bug): Failure creating named object [\_SB.PCI0.XHC.RHUB.HS05._UPC], AE_ALREADY_EXISTS (20220331/dswload2-326)
Jan 22 23:01:09 Techashi kernel: ACPI Error: AE_ALREADY_EXISTS, During name lookup/catalog (20220331/psobject-220)
Jan 22 23:01:09 Techashi kernel: ACPI: Skipping parse of AML opcode: OpcodeName unavailable (0x0014)
Jan 22 23:01:09 Techashi kernel: ACPI BIOS Error (bug): Failure creating named object [\_SB.PCI0.XHC.RHUB.HS05._PLD], AE_ALREADY_EXISTS (20220331/dswload2-326)
Jan 22 23:01:09 Techashi kernel: ACPI Error: AE_ALREADY_EXISTS, During name lookup/catalog (20220331/psobject-220)
Jan 22 23:01:09 Techashi kernel: ACPI: Skipping parse of AML opcode: OpcodeName unavailable (0x0014)
Jan 22 23:01:09 Techashi kernel: ACPI BIOS Error (bug): Failure creating named object [\_SB.PCI0.XHC.RHUB.HS06._UPC], AE_ALREADY_EXISTS (20220331/dswload2-326)
Jan 22 23:01:09 Techashi kernel: ACPI Error: AE_ALREADY_EXISTS, During name lookup/catalog (20220331/psobject-220)
Jan 22 23:01:09 Techashi kernel: ACPI: Skipping parse of AML opcode: OpcodeName unavailable (0x0014)
Jan 22 23:01:09 Techashi kernel: ACPI BIOS Error (bug): Failure creating named object [\_SB.PCI0.XHC.RHUB.HS06._PLD], AE_ALREADY_EXISTS (20220331/dswload2-326)
Jan 22 23:01:09 Techashi kernel: ACPI Error: AE_ALREADY_EXISTS, During name lookup/catalog (20220331/psobject-220)
Jan 22 23:01:09 Techashi kernel: ACPI: Skipping parse of AML opcode: OpcodeName unavailable (0x0014)
Jan 22 23:01:09 Techashi kernel: ACPI BIOS Error (bug): Failure creating named object [\_SB.PCI0.XHC.RHUB.HS07._UPC], AE_ALREADY_EXISTS (20220331/dswload2-326)
Jan 22 23:01:09 Techashi kernel: ACPI Error: AE_ALREADY_EXISTS, During name lookup/catalog (20220331/psobject-220)
Jan 22 23:01:09 Techashi kernel: ACPI: Skipping parse of AML opcode: OpcodeName unavailable (0x0014)
Jan 22 23:01:09 Techashi kernel: ACPI BIOS Error (bug): Failure creating named object [\_SB.PCI0.XHC.RHUB.HS07._PLD], AE_ALREADY_EXISTS (20220331/dswload2-326)
Jan 22 23:01:09 Techashi kernel: ACPI Error: AE_ALREADY_EXISTS, During name lookup/catalog (20220331/psobject-220)
Jan 22 23:01:09 Techashi kernel: ACPI: Skipping parse of AML opcode: OpcodeName unavailable (0x0014)
Jan 22 23:01:09 Techashi kernel: ACPI BIOS Error (bug): Failure creating named object [\_SB.PCI0.XHC.RHUB.HS08._UPC], AE_ALREADY_EXISTS (20220331/dswload2-326)
Jan 22 23:01:09 Techashi kernel: ACPI Error: AE_ALREADY_EXISTS, During name lookup/catalog (20220331/psobject-220)
Jan 22 23:01:09 Techashi kernel: ACPI: Skipping parse of AML opcode: OpcodeName unavailable (0x0014)
Jan 22 23:01:09 Techashi kernel: ACPI BIOS Error (bug): Failure creating named object [\_SB.PCI0.XHC.RHUB.HS08._PLD], AE_ALREADY_EXISTS (20220331/dswload2-326)
Jan 22 23:01:09 Techashi kernel: ACPI Error: AE_ALREADY_EXISTS, During name lookup/catalog (20220331/psobject-220)
Jan 22 23:01:09 Techashi kernel: ACPI: Skipping parse of AML opcode: OpcodeName unavailable (0x0014)
Jan 22 23:01:09 Techashi kernel: ACPI BIOS Error (bug): Failure creating named object [\_SB.PCI0.XHC.RHUB.HS09._UPC], AE_ALREADY_EXISTS (20220331/dswload2-326)
Jan 22 23:01:09 Techashi kernel: ACPI Error: AE_ALREADY_EXISTS, During name lookup/catalog (20220331/psobject-220)
Jan 22 23:01:09 Techashi kernel: ACPI: Skipping parse of AML opcode: OpcodeName unavailable (0x0014)
Jan 22 23:01:09 Techashi kernel: ACPI BIOS Error (bug): Failure creating named object [\_SB.PCI0.XHC.RHUB.HS09._PLD], AE_ALREADY_EXISTS (20220331/dswload2-326)
Jan 22 23:01:09 Techashi kernel: ACPI Error: AE_ALREADY_EXISTS, During name lookup/catalog (20220331/psobject-220)
Jan 22 23:01:09 Techashi kernel: ACPI: Skipping parse of AML opcode: OpcodeName unavailable (0x0014)
Jan 22 23:01:09 Techashi kernel: ACPI BIOS Error (bug): Failure creating named object [\_SB.PCI0.XHC.RHUB.HS10._UPC], AE_ALREADY_EXISTS (20220331/dswload2-326)
Jan 22 23:01:09 Techashi kernel: ACPI Error: AE_ALREADY_EXISTS, During name lookup/catalog (20220331/psobject-220)
Jan 22 23:01:09 Techashi kernel: ACPI: Skipping parse of AML opcode: OpcodeName unavailable (0x0014)
Jan 22 23:01:09 Techashi kernel: ACPI BIOS Error (bug): Failure creating named object [\_SB.PCI0.XHC.RHUB.HS10._PLD], AE_ALREADY_EXISTS (20220331/dswload2-326)
Jan 22 23:01:09 Techashi kernel: ACPI Error: AE_ALREADY_EXISTS, During name lookup/catalog (20220331/psobject-220)
Jan 22 23:01:09 Techashi kernel: ACPI: Skipping parse of AML opcode: OpcodeName unavailable (0x0014)
Jan 22 23:01:09 Techashi kernel: ACPI BIOS Error (bug): Failure creating named object [\_SB.PCI0.XHC.RHUB.SS01._UPC], AE_ALREADY_EXISTS (20220331/dswload2-326)
Jan 22 23:01:09 Techashi kernel: ACPI Error: AE_ALREADY_EXISTS, During name lookup/catalog (20220331/psobject-220)
Jan 22 23:01:09 Techashi kernel: ACPI: Skipping parse of AML opcode: OpcodeName unavailable (0x0014)
Jan 22 23:01:09 Techashi kernel: ACPI BIOS Error (bug): Failure creating named object [\_SB.PCI0.XHC.RHUB.SS01._PLD], AE_ALREADY_EXISTS (20220331/dswload2-326)
Jan 22 23:01:09 Techashi kernel: ACPI Error: AE_ALREADY_EXISTS, During name lookup/catalog (20220331/psobject-220)
Jan 22 23:01:09 Techashi kernel: ACPI: Skipping parse of AML opcode: OpcodeName unavailable (0x0014)
Jan 22 23:01:09 Techashi kernel: ACPI BIOS Error (bug): Failure creating named object [\_SB.PCI0.XHC.RHUB.SS02._UPC], AE_ALREADY_EXISTS (20220331/dswload2-326)
Jan 22 23:01:09 Techashi kernel: ACPI Error: AE_ALREADY_EXISTS, During name lookup/catalog (20220331/psobject-220)
Jan 22 23:01:09 Techashi kernel: ACPI: Skipping parse of AML opcode: OpcodeName unavailable (0x0014)
Jan 22 23:01:09 Techashi kernel: ACPI BIOS Error (bug): Failure creating named object [\_SB.PCI0.XHC.RHUB.SS02._PLD], AE_ALREADY_EXISTS (20220331/dswload2-326)
Jan 22 23:01:09 Techashi kernel: ACPI Error: AE_ALREADY_EXISTS, During name lookup/catalog (20220331/psobject-220)
Jan 22 23:01:09 Techashi kernel: ACPI: Skipping parse of AML opcode: OpcodeName unavailable (0x0014)
Jan 22 23:01:09 Techashi kernel: ACPI BIOS Error (bug): Failure creating named object [\_SB.PCI0.XHC.RHUB.SS03._UPC], AE_ALREADY_EXISTS (20220331/dswload2-326)
Jan 22 23:01:09 Techashi kernel: ACPI Error: AE_ALREADY_EXISTS, During name lookup/catalog (20220331/psobject-220)
Jan 22 23:01:09 Techashi kernel: ACPI: Skipping parse of AML opcode: OpcodeName unavailable (0x0014)
Jan 22 23:01:09 Techashi kernel: ACPI BIOS Error (bug): Failure creating named object [\_SB.PCI0.XHC.RHUB.SS03._PLD], AE_ALREADY_EXISTS (20220331/dswload2-326)
Jan 22 23:01:09 Techashi kernel: ACPI Error: AE_ALREADY_EXISTS, During name lookup/catalog (20220331/psobject-220)
Jan 22 23:01:09 Techashi kernel: ACPI: Skipping parse of AML opcode: OpcodeName unavailable (0x0014)
Jan 22 23:01:09 Techashi kernel: ACPI BIOS Error (bug): Failure creating named object [\_SB.PCI0.XHC.RHUB.SS04._UPC], AE_ALREADY_EXISTS (20220331/dswload2-326)
Jan 22 23:01:09 Techashi kernel: ACPI Error: AE_ALREADY_EXISTS, During name lookup/catalog (20220331/psobject-220)
Jan 22 23:01:09 Techashi kernel: ACPI: Skipping parse of AML opcode: OpcodeName unavailable (0x0014)
Jan 22 23:01:09 Techashi kernel: ACPI BIOS Error (bug): Failure creating named object [\_SB.PCI0.XHC.RHUB.SS04._PLD], AE_ALREADY_EXISTS (20220331/dswload2-326)
Jan 22 23:01:09 Techashi kernel: ACPI Error: AE_ALREADY_EXISTS, During name lookup/catalog (20220331/psobject-220)
Jan 22 23:01:09 Techashi kernel: ACPI: Skipping parse of AML opcode: OpcodeName unavailable (0x0014)
Jan 22 23:01:09 Techashi kernel: ACPI BIOS Error (bug): Failure creating named object [\_SB.PCI0.XHC.RHUB.SS05._UPC], AE_ALREADY_EXISTS (20220331/dswload2-326)
Jan 22 23:01:09 Techashi kernel: ACPI Error: AE_ALREADY_EXISTS, During name lookup/catalog (20220331/psobject-220)
Jan 22 23:01:09 Techashi kernel: ACPI: Skipping parse of AML opcode: OpcodeName unavailable (0x0014)
Jan 22 23:01:09 Techashi kernel: ACPI BIOS Error (bug): Failure creating named object [\_SB.PCI0.XHC.RHUB.SS05._PLD], AE_ALREADY_EXISTS (20220331/dswload2-326)
Jan 22 23:01:09 Techashi kernel: ACPI Error: AE_ALREADY_EXISTS, During name lookup/catalog (20220331/psobject-220)
Jan 22 23:01:09 Techashi kernel: ACPI: Skipping parse of AML opcode: OpcodeName unavailable (0x0014)
Jan 22 23:01:09 Techashi kernel: ACPI BIOS Error (bug): Failure creating named object [\_SB.PCI0.XHC.RHUB.SS06._UPC], AE_ALREADY_EXISTS (20220331/dswload2-326)
Jan 22 23:01:09 Techashi kernel: ACPI Error: AE_ALREADY_EXISTS, During name lookup/catalog (20220331/psobject-220)
Jan 22 23:01:09 Techashi kernel: ACPI: Skipping parse of AML opcode: OpcodeName unavailable (0x0014)
Jan 22 23:01:09 Techashi kernel: ACPI BIOS Error (bug): Failure creating named object [\_SB.PCI0.XHC.RHUB.SS06._PLD], AE_ALREADY_EXISTS (20220331/dswload2-326)
Jan 22 23:01:09 Techashi kernel: ACPI Error: AE_ALREADY_EXISTS, During name lookup/catalog (20220331/psobject-220)
Jan 22 23:01:09 Techashi kernel: ACPI: Skipping parse of AML opcode: OpcodeName unavailable (0x0014)
Jan 22 23:01:09 Techashi kernel: ACPI: 13 ACPI AML tables successfully acquired and loaded
Jan 22 23:01:09 Techashi kernel: ACPI: Dynamic OEM Table Load:
Jan 22 23:01:09 Techashi kernel: ACPI: SSDT 0xFFFF9635483A3700 0000FC (v02 PmRef  Cpu0Psd  00003000 INTL 20160422)
Jan 22 23:01:09 Techashi kernel: ACPI: \_SB_.PR00: _OSC native thermal LVT Acked
Jan 22 23:01:09 Techashi kernel: ACPI: Dynamic OEM Table Load:
Jan 22 23:01:09 Techashi kernel: ACPI: SSDT 0xFFFF9635483F5400 000400 (v02 PmRef  Cpu0Cst  00003001 INTL 20160422)
Jan 22 23:01:09 Techashi kernel: ACPI: Dynamic OEM Table Load:
Jan 22 23:01:09 Techashi kernel: ACPI: SSDT 0xFFFF963481110800 000560 (v02 PmRef  Cpu0Ist  00003000 INTL 20160422)
Jan 22 23:01:09 Techashi kernel: ACPI: Dynamic OEM Table Load:
Jan 22 23:01:09 Techashi kernel: ACPI: SSDT 0xFFFF9634811A4400 00016C (v02 PmRef  Cpu0Hwp  00003000 INTL 20160422)
Jan 22 23:01:09 Techashi kernel: ACPI: Dynamic OEM Table Load:
Jan 22 23:01:09 Techashi kernel: ACPI: SSDT 0xFFFF963481401000 000BEA (v02 PmRef  HwpLvt   00003000 INTL 20160422)
Jan 22 23:01:09 Techashi kernel: ACPI: Dynamic OEM Table Load:
Jan 22 23:01:09 Techashi kernel: ACPI: SSDT 0xFFFF963481115000 000778 (v02 PmRef  ApIst    00003000 INTL 20160422)
Jan 22 23:01:09 Techashi kernel: ACPI: Dynamic OEM Table Load:
Jan 22 23:01:09 Techashi kernel: ACPI: SSDT 0xFFFF9635483F4800 0003D7 (v02 PmRef  ApHwp    00003000 INTL 20160422)
Jan 22 23:01:09 Techashi kernel: ACPI: Dynamic OEM Table Load:
Jan 22 23:01:09 Techashi kernel: ACPI: SSDT 0xFFFF963481407000 000D22 (v02 PmRef  ApPsd    00003000 INTL 20160422)
Jan 22 23:01:09 Techashi kernel: ACPI: Dynamic OEM Table Load:
Jan 22 23:01:09 Techashi kernel: ACPI: SSDT 0xFFFF9635483F7800 0003CA (v02 PmRef  ApCst    00003000 INTL 20160422)
Jan 22 23:01:09 Techashi kernel: ACPI: EC: EC started
Jan 22 23:01:09 Techashi kernel: ACPI: EC: interrupt blocked
Jan 22 23:01:09 Techashi kernel: ACPI: EC: EC_CMD/EC_SC=0x66, EC_DATA=0x62
Jan 22 23:01:09 Techashi kernel: ACPI: \_SB_.PCI0.LPCB.EC0_: Boot DSDT EC used to handle transactions
Jan 22 23:01:09 Techashi kernel: ACPI: Interpreter enabled
Jan 22 23:01:09 Techashi kernel: ACPI: PM: (supports S0 S3 S4 S5)
Jan 22 23:01:09 Techashi kernel: ACPI: Using IOAPIC for interrupt routing
Jan 22 23:01:09 Techashi kernel: PCI: Using host bridge windows from ACPI; if necessary, use "pci=nocrs" and report a bug
Jan 22 23:01:09 Techashi kernel: PCI: Ignoring E820 reservations for host bridge windows
Jan 22 23:01:09 Techashi kernel: ACPI: Enabled 5 GPEs in block 00 to 7F
Jan 22 23:01:09 Techashi kernel: ACPI: PM: Power Resource [BTPR]
Jan 22 23:01:09 Techashi kernel: ACPI: PM: Power Resource [USBC]
Jan 22 23:01:09 Techashi kernel: ACPI: PM: Power Resource [PCRP]
Jan 22 23:01:09 Techashi kernel: ACPI BIOS Error (bug): Could not resolve symbol [\_SB.PCI0.DGPV], AE_NOT_FOUND (20220331/psargs-332)
Jan 22 23:01:09 Techashi kernel: ACPI Error: Aborting method \_SB.PCI0.RP05.PCRP._ON due to previous error (AE_NOT_FOUND) (20220331/psparse-529)
Jan 22 23:01:09 Techashi kernel: ACPI: PM: Power Resource [V0PR]
Jan 22 23:01:09 Techashi kernel: ACPI: PM: Power Resource [V1PR]
Jan 22 23:01:09 Techashi kernel: ACPI: PM: Power Resource [V2PR]
Jan 22 23:01:09 Techashi kernel: ACPI: PM: Power Resource [WRST]
Jan 22 23:01:09 Techashi kernel: ACPI: PCI Root Bridge [PCI0] (domain 0000 [bus 00-fe])
Jan 22 23:01:09 Techashi kernel: acpi PNP0A08:00: _OSC: OS supports [ExtendedConfig ASPM ClockPM Segments MSI HPX-Type3]
Jan 22 23:01:09 Techashi kernel: acpi PNP0A08:00: _OSC: OS now controls [PCIeHotplug SHPCHotplug PME AER PCIeCapability LTR]
Jan 22 23:01:09 Techashi kernel: PCI host bridge to bus 0000:00
Jan 22 23:01:09 Techashi kernel: pci_bus 0000:00: root bus resource [io  0x0000-0x0cf7 window]
Jan 22 23:01:09 Techashi kernel: pci_bus 0000:00: root bus resource [io  0x0d00-0xffff window]
Jan 22 23:01:09 Techashi kernel: pci_bus 0000:00: root bus resource [mem 0x000a0000-0x000bffff window]
Jan 22 23:01:09 Techashi kernel: pci_bus 0000:00: root bus resource [mem 0x9b800000-0xdfffffff window]
Jan 22 23:01:09 Techashi kernel: pci_bus 0000:00: root bus resource [mem 0xfc800000-0xfe7fffff window]
Jan 22 23:01:09 Techashi kernel: pci_bus 0000:00: root bus resource [bus 00-fe]
Jan 22 23:01:09 Techashi kernel: pci 0000:00:00.0: [8086:9b61] type 00 class 0x060000
Jan 22 23:01:09 Techashi kernel: pci 0000:00:02.0: [8086:9b41] type 00 class 0x030000
Jan 22 23:01:09 Techashi kernel: pci 0000:00:02.0: reg 0x10: [mem 0xb0000000-0xb0ffffff 64bit]
Jan 22 23:01:09 Techashi kernel: pci 0000:00:02.0: reg 0x18: [mem 0xa0000000-0xafffffff 64bit pref]
Jan 22 23:01:09 Techashi kernel: pci 0000:00:02.0: reg 0x20: [io  0x3000-0x303f]
Jan 22 23:01:09 Techashi kernel: pci 0000:00:02.0: BAR 2: assigned to efifb
Jan 22 23:01:09 Techashi kernel: pci 0000:00:02.0: Video device with shadowed ROM at [mem 0x000c0000-0x000dffff]
Jan 22 23:01:09 Techashi kernel: pci 0000:00:04.0: [8086:1903] type 00 class 0x118000
Jan 22 23:01:09 Techashi kernel: pci 0000:00:04.0: reg 0x10: [mem 0xb1210000-0xb1217fff 64bit]
Jan 22 23:01:09 Techashi kernel: pci 0000:00:08.0: [8086:1911] type 00 class 0x088000
Jan 22 23:01:09 Techashi kernel: pci 0000:00:08.0: reg 0x10: [mem 0xb1224000-0xb1224fff 64bit]
Jan 22 23:01:09 Techashi kernel: pci 0000:00:12.0: [8086:02f9] type 00 class 0x118000
Jan 22 23:01:09 Techashi kernel: pci 0000:00:12.0: reg 0x10: [mem 0xb1225000-0xb1225fff 64bit]
Jan 22 23:01:09 Techashi kernel: pci 0000:00:14.0: [8086:02ed] type 00 class 0x0c0330
Jan 22 23:01:09 Techashi kernel: pci 0000:00:14.0: reg 0x10: [mem 0xb1200000-0xb120ffff 64bit]
Jan 22 23:01:09 Techashi kernel: pci 0000:00:14.0: PME# supported from D3hot D3cold
Jan 22 23:01:09 Techashi kernel: pci 0000:00:14.2: [8086:02ef] type 00 class 0x050000
Jan 22 23:01:09 Techashi kernel: pci 0000:00:14.2: reg 0x10: [mem 0xb1220000-0xb1221fff 64bit]
Jan 22 23:01:09 Techashi kernel: pci 0000:00:14.2: reg 0x18: [mem 0xb1226000-0xb1226fff 64bit]
Jan 22 23:01:09 Techashi kernel: pci 0000:00:14.3: [8086:02f0] type 00 class 0x028000
Jan 22 23:01:09 Techashi kernel: pci 0000:00:14.3: reg 0x10: [mem 0xb1218000-0xb121bfff 64bit]
Jan 22 23:01:09 Techashi kernel: pci 0000:00:14.3: PME# supported from D0 D3hot D3cold
Jan 22 23:01:09 Techashi kernel: pci 0000:00:15.0: [8086:02e8] type 00 class 0x0c8000
Jan 22 23:01:09 Techashi kernel: pci 0000:00:15.0: reg 0x10: [mem 0x00000000-0x00000fff 64bit]
Jan 22 23:01:09 Techashi kernel: pci 0000:00:15.1: [8086:02e9] type 00 class 0x0c8000
Jan 22 23:01:09 Techashi kernel: pci 0000:00:15.1: reg 0x10: [mem 0x00000000-0x00000fff 64bit]
Jan 22 23:01:09 Techashi kernel: pci 0000:00:16.0: [8086:02e0] type 00 class 0x078000
Jan 22 23:01:09 Techashi kernel: pci 0000:00:16.0: reg 0x10: [mem 0xb1229000-0xb1229fff 64bit]
Jan 22 23:01:09 Techashi kernel: pci 0000:00:16.0: PME# supported from D3hot
Jan 22 23:01:09 Techashi kernel: pci 0000:00:17.0: [8086:02d3] type 00 class 0x010601
Jan 22 23:01:09 Techashi kernel: pci 0000:00:17.0: reg 0x10: [mem 0xb1222000-0xb1223fff]
Jan 22 23:01:09 Techashi kernel: pci 0000:00:17.0: reg 0x14: [mem 0xb1230000-0xb12300ff]
Jan 22 23:01:09 Techashi kernel: pci 0000:00:17.0: reg 0x18: [io  0x3080-0x3087]
Jan 22 23:01:09 Techashi kernel: pci 0000:00:17.0: reg 0x1c: [io  0x3088-0x308b]
Jan 22 23:01:09 Techashi kernel: pci 0000:00:17.0: reg 0x20: [io  0x3060-0x307f]
Jan 22 23:01:09 Techashi kernel: pci 0000:00:17.0: reg 0x24: [mem 0xb122f000-0xb122f7ff]
Jan 22 23:01:09 Techashi kernel: pci 0000:00:17.0: PME# supported from D3hot
Jan 22 23:01:09 Techashi kernel: pci 0000:00:19.0: [8086:02c5] type 00 class 0x0c8000
Jan 22 23:01:09 Techashi kernel: pci 0000:00:19.0: reg 0x10: [mem 0x00000000-0x00000fff 64bit]
Jan 22 23:01:09 Techashi kernel: pci 0000:00:1d.0: [8086:02b0] type 01 class 0x060400
Jan 22 23:01:09 Techashi kernel: pci 0000:00:1d.0: PME# supported from D0 D3hot D3cold
Jan 22 23:01:09 Techashi kernel: pci 0000:00:1d.0: PTM enabled (root), 4ns granularity
Jan 22 23:01:09 Techashi kernel: pci 0000:00:1e.0: [8086:02a8] type 00 class 0x078000
Jan 22 23:01:09 Techashi kernel: pci 0000:00:1e.0: reg 0x10: [mem 0x00000000-0x00000fff 64bit]
Jan 22 23:01:09 Techashi kernel: pci 0000:00:1e.3: [8086:02ab] type 00 class 0x0c8000
Jan 22 23:01:09 Techashi kernel: pci 0000:00:1e.3: reg 0x10: [mem 0x00000000-0x00000fff 64bit]
Jan 22 23:01:09 Techashi kernel: pci 0000:00:1f.0: [8086:0284] type 00 class 0x060100
Jan 22 23:01:09 Techashi kernel: pci 0000:00:1f.3: [8086:02c8] type 00 class 0x040100
Jan 22 23:01:09 Techashi kernel: pci 0000:00:1f.3: reg 0x10: [mem 0xb121c000-0xb121ffff 64bit]
Jan 22 23:01:09 Techashi kernel: pci 0000:00:1f.3: reg 0x20: [mem 0xb1000000-0xb10fffff 64bit]
Jan 22 23:01:09 Techashi kernel: pci 0000:00:1f.3: PME# supported from D3hot D3cold
Jan 22 23:01:09 Techashi kernel: pci 0000:00:1f.4: [8086:02a3] type 00 class 0x0c0500
Jan 22 23:01:09 Techashi kernel: pci 0000:00:1f.4: reg 0x10: [mem 0xb122d000-0xb122d0ff 64bit]
Jan 22 23:01:09 Techashi kernel: pci 0000:00:1f.4: reg 0x20: [io  0xefa0-0xefbf]
Jan 22 23:01:09 Techashi kernel: pci 0000:00:1f.5: [8086:02a4] type 00 class 0x0c8000
Jan 22 23:01:09 Techashi kernel: pci 0000:00:1f.5: reg 0x10: [mem 0xfe010000-0xfe010fff]
Jan 22 23:01:09 Techashi kernel: pci 0000:01:00.0: [15b7:5009] type 00 class 0x010802
Jan 22 23:01:09 Techashi kernel: pci 0000:01:00.0: reg 0x10: [mem 0xb1100000-0xb1103fff 64bit]
Jan 22 23:01:09 Techashi kernel: pci 0000:01:00.0: reg 0x20: [mem 0xb1104000-0xb11040ff 64bit]
Jan 22 23:01:09 Techashi kernel: pci 0000:00:1d.0: PCI bridge to [bus 01]
Jan 22 23:01:09 Techashi kernel: pci 0000:00:1d.0:   bridge window [mem 0xb1100000-0xb11fffff]
Jan 22 23:01:09 Techashi kernel: ACPI: EC: interrupt unblocked
Jan 22 23:01:09 Techashi kernel: ACPI: EC: event unblocked
Jan 22 23:01:09 Techashi kernel: ACPI: EC: EC_CMD/EC_SC=0x66, EC_DATA=0x62
Jan 22 23:01:09 Techashi kernel: ACPI: EC: GPE=0x50
Jan 22 23:01:09 Techashi kernel: ACPI: \_SB_.PCI0.LPCB.EC0_: Boot DSDT EC initialization complete
Jan 22 23:01:09 Techashi kernel: ACPI: \_SB_.PCI0.LPCB.EC0_: EC: Used to handle transactions and events
Jan 22 23:01:09 Techashi kernel: iommu: Default domain type: Translated 
Jan 22 23:01:09 Techashi kernel: iommu: DMA domain TLB invalidation policy: lazy mode 
Jan 22 23:01:09 Techashi kernel: pps_core: LinuxPPS API ver. 1 registered
Jan 22 23:01:09 Techashi kernel: pps_core: Software ver. 5.3.6 - Copyright 2005-2007 Rodolfo Giometti <giometti@linux.it>
Jan 22 23:01:09 Techashi kernel: PTP clock support registered
Jan 22 23:01:09 Techashi kernel: EDAC MC: Ver: 3.0.0
Jan 22 23:01:09 Techashi kernel: Registered efivars operations
Jan 22 23:01:09 Techashi kernel: NetLabel: Initializing
Jan 22 23:01:09 Techashi kernel: NetLabel:  domain hash size = 128
Jan 22 23:01:09 Techashi kernel: NetLabel:  protocols = UNLABELED CIPSOv4 CALIPSO
Jan 22 23:01:09 Techashi kernel: NetLabel:  unlabeled traffic allowed by default
Jan 22 23:01:09 Techashi kernel: PCI: Using ACPI for IRQ routing
Jan 22 23:01:09 Techashi kernel: PCI: pci_cache_line_size set to 64 bytes
Jan 22 23:01:09 Techashi kernel: e820: reserve RAM buffer [mem 0x0009f000-0x0009ffff]
Jan 22 23:01:09 Techashi kernel: e820: reserve RAM buffer [mem 0x7b872000-0x7bffffff]
Jan 22 23:01:09 Techashi kernel: e820: reserve RAM buffer [mem 0x7f217000-0x7fffffff]
Jan 22 23:01:09 Techashi kernel: e820: reserve RAM buffer [mem 0x8dd2d000-0x8fffffff]
Jan 22 23:01:09 Techashi kernel: e820: reserve RAM buffer [mem 0x8fc4f000-0x8fffffff]
Jan 22 23:01:09 Techashi kernel: e820: reserve RAM buffer [mem 0x262800000-0x263ffffff]
Jan 22 23:01:09 Techashi kernel: pci 0000:00:02.0: vgaarb: setting as boot VGA device
Jan 22 23:01:09 Techashi kernel: pci 0000:00:02.0: vgaarb: bridge control possible
Jan 22 23:01:09 Techashi kernel: pci 0000:00:02.0: vgaarb: VGA device added: decodes=io+mem,owns=io+mem,locks=none
Jan 22 23:01:09 Techashi kernel: vgaarb: loaded
Jan 22 23:01:09 Techashi kernel: clocksource: Switched to clocksource tsc-early
Jan 22 23:01:09 Techashi kernel: VFS: Disk quotas dquot_6.6.0
Jan 22 23:01:09 Techashi kernel: VFS: Dquot-cache hash table entries: 512 (order 0, 4096 bytes)
Jan 22 23:01:09 Techashi kernel: AppArmor: AppArmor Filesystem Enabled
Jan 22 23:01:09 Techashi kernel: pnp: PnP ACPI init
Jan 22 23:01:09 Techashi kernel: system 00:00: [mem 0x40000000-0x403fffff] could not be reserved
Jan 22 23:01:09 Techashi kernel: system 00:01: [io  0x1800-0x18fe] has been reserved
Jan 22 23:01:09 Techashi kernel: system 00:01: [mem 0xfd000000-0xfd69ffff] has been reserved
Jan 22 23:01:09 Techashi kernel: system 00:01: [mem 0xfd6b0000-0xfd6cffff] has been reserved
Jan 22 23:01:09 Techashi kernel: system 00:01: [mem 0xfd6f0000-0xfdffffff] has been reserved
Jan 22 23:01:09 Techashi kernel: system 00:01: [mem 0xfe000000-0xfe01ffff] could not be reserved
Jan 22 23:01:09 Techashi kernel: system 00:01: [mem 0xfe200000-0xfe7fffff] has been reserved
Jan 22 23:01:09 Techashi kernel: system 00:01: [mem 0xff000000-0xffffffff] could not be reserved
Jan 22 23:01:09 Techashi kernel: system 00:02: [io  0x2000-0x20fe] has been reserved
Jan 22 23:01:09 Techashi kernel: system 00:03: [io  0x0680-0x069f] has been reserved
Jan 22 23:01:09 Techashi kernel: system 00:03: [io  0x164e-0x164f] has been reserved
Jan 22 23:01:09 Techashi kernel: system 00:05: [io  0x1854-0x1857] has been reserved
Jan 22 23:01:09 Techashi kernel: system 00:07: [mem 0xfed10000-0xfed17fff] has been reserved
Jan 22 23:01:09 Techashi kernel: system 00:07: [mem 0xfed18000-0xfed18fff] has been reserved
Jan 22 23:01:09 Techashi kernel: system 00:07: [mem 0xfed19000-0xfed19fff] has been reserved
Jan 22 23:01:09 Techashi kernel: system 00:07: [mem 0xe0000000-0xefffffff] has been reserved
Jan 22 23:01:09 Techashi kernel: system 00:07: [mem 0xfed20000-0xfed3ffff] has been reserved
Jan 22 23:01:09 Techashi kernel: system 00:07: [mem 0xfed90000-0xfed93fff] could not be reserved
Jan 22 23:01:09 Techashi kernel: system 00:07: [mem 0xfed45000-0xfed8ffff] could not be reserved
Jan 22 23:01:09 Techashi kernel: system 00:07: [mem 0xfee00000-0xfeefffff] could not be reserved
Jan 22 23:01:09 Techashi kernel: system 00:08: [mem 0xfe038000-0xfe038fff] has been reserved
Jan 22 23:01:09 Techashi kernel: pnp: PnP ACPI: found 9 devices
Jan 22 23:01:09 Techashi kernel: clocksource: acpi_pm: mask: 0xffffff max_cycles: 0xffffff, max_idle_ns: 2085701024 ns
Jan 22 23:01:09 Techashi kernel: NET: Registered PF_INET protocol family
Jan 22 23:01:09 Techashi kernel: IP idents hash table entries: 131072 (order: 8, 1048576 bytes, linear)
Jan 22 23:01:09 Techashi kernel: tcp_listen_portaddr_hash hash table entries: 4096 (order: 4, 65536 bytes, linear)
Jan 22 23:01:09 Techashi kernel: Table-perturb hash table entries: 65536 (order: 6, 262144 bytes, linear)
Jan 22 23:01:09 Techashi kernel: TCP established hash table entries: 65536 (order: 7, 524288 bytes, linear)
Jan 22 23:01:09 Techashi kernel: TCP bind hash table entries: 65536 (order: 9, 2097152 bytes, linear)
Jan 22 23:01:09 Techashi kernel: TCP: Hash tables configured (established 65536 bind 65536)
Jan 22 23:01:09 Techashi kernel: MPTCP token hash table entries: 8192 (order: 6, 196608 bytes, linear)
Jan 22 23:01:09 Techashi kernel: UDP hash table entries: 4096 (order: 5, 131072 bytes, linear)
Jan 22 23:01:09 Techashi kernel: UDP-Lite hash table entries: 4096 (order: 5, 131072 bytes, linear)
Jan 22 23:01:09 Techashi kernel: NET: Registered PF_UNIX/PF_LOCAL protocol family
Jan 22 23:01:09 Techashi kernel: NET: Registered PF_XDP protocol family
Jan 22 23:01:09 Techashi kernel: pci 0000:00:15.0: BAR 0: assigned [mem 0x9b800000-0x9b800fff 64bit]
Jan 22 23:01:09 Techashi kernel: pci 0000:00:15.1: BAR 0: assigned [mem 0x9b801000-0x9b801fff 64bit]
Jan 22 23:01:09 Techashi kernel: pci 0000:00:19.0: BAR 0: assigned [mem 0x9b802000-0x9b802fff 64bit]
Jan 22 23:01:09 Techashi kernel: pci 0000:00:1e.0: BAR 0: assigned [mem 0x9b803000-0x9b803fff 64bit]
Jan 22 23:01:09 Techashi kernel: pci 0000:00:1e.3: BAR 0: assigned [mem 0x9b804000-0x9b804fff 64bit]
Jan 22 23:01:09 Techashi kernel: pci 0000:00:1d.0: PCI bridge to [bus 01]
Jan 22 23:01:09 Techashi kernel: pci 0000:00:1d.0:   bridge window [mem 0xb1100000-0xb11fffff]
Jan 22 23:01:09 Techashi kernel: pci_bus 0000:00: resource 4 [io  0x0000-0x0cf7 window]
Jan 22 23:01:09 Techashi kernel: pci_bus 0000:00: resource 5 [io  0x0d00-0xffff window]
Jan 22 23:01:09 Techashi kernel: pci_bus 0000:00: resource 6 [mem 0x000a0000-0x000bffff window]
Jan 22 23:01:09 Techashi kernel: pci_bus 0000:00: resource 7 [mem 0x9b800000-0xdfffffff window]
Jan 22 23:01:09 Techashi kernel: pci_bus 0000:00: resource 8 [mem 0xfc800000-0xfe7fffff window]
Jan 22 23:01:09 Techashi kernel: pci_bus 0000:01: resource 1 [mem 0xb1100000-0xb11fffff]
Jan 22 23:01:09 Techashi kernel: PCI: CLS 64 bytes, default 64
Jan 22 23:01:09 Techashi kernel: DMAR: No ATSR found
Jan 22 23:01:09 Techashi kernel: DMAR: No SATC found
Jan 22 23:01:09 Techashi kernel: DMAR: IOMMU feature fl1gp_support inconsistent
Jan 22 23:01:09 Techashi kernel: DMAR: IOMMU feature pgsel_inv inconsistent
Jan 22 23:01:09 Techashi kernel: DMAR: IOMMU feature nwfs inconsistent
Jan 22 23:01:09 Techashi kernel: DMAR: IOMMU feature pasid inconsistent
Jan 22 23:01:09 Techashi kernel: DMAR: IOMMU feature eafs inconsistent
Jan 22 23:01:09 Techashi kernel: DMAR: IOMMU feature prs inconsistent
Jan 22 23:01:09 Techashi kernel: DMAR: IOMMU feature nest inconsistent
Jan 22 23:01:09 Techashi kernel: DMAR: IOMMU feature mts inconsistent
Jan 22 23:01:09 Techashi kernel: DMAR: IOMMU feature sc_support inconsistent
Jan 22 23:01:09 Techashi kernel: DMAR: IOMMU feature dev_iotlb_support inconsistent
Jan 22 23:01:09 Techashi kernel: DMAR: dmar0: Using Queued invalidation
Jan 22 23:01:09 Techashi kernel: DMAR: dmar1: Using Queued invalidation
Jan 22 23:01:09 Techashi kernel: Trying to unpack rootfs image as initramfs...
Jan 22 23:01:09 Techashi kernel: pci 0000:00:02.0: Adding to iommu group 0
Jan 22 23:01:09 Techashi kernel: pci 0000:00:00.0: Adding to iommu group 1
Jan 22 23:01:09 Techashi kernel: pci 0000:00:04.0: Adding to iommu group 2
Jan 22 23:01:09 Techashi kernel: pci 0000:00:08.0: Adding to iommu group 3
Jan 22 23:01:09 Techashi kernel: pci 0000:00:12.0: Adding to iommu group 4
Jan 22 23:01:09 Techashi kernel: pci 0000:00:14.0: Adding to iommu group 5
Jan 22 23:01:09 Techashi kernel: pci 0000:00:14.2: Adding to iommu group 5
Jan 22 23:01:09 Techashi kernel: pci 0000:00:14.3: Adding to iommu group 6
Jan 22 23:01:09 Techashi kernel: pci 0000:00:15.0: Adding to iommu group 7
Jan 22 23:01:09 Techashi kernel: pci 0000:00:15.1: Adding to iommu group 7
Jan 22 23:01:09 Techashi kernel: pci 0000:00:16.0: Adding to iommu group 8
Jan 22 23:01:09 Techashi kernel: pci 0000:00:17.0: Adding to iommu group 9
Jan 22 23:01:09 Techashi kernel: pci 0000:00:19.0: Adding to iommu group 10
Jan 22 23:01:09 Techashi kernel: pci 0000:00:1d.0: Adding to iommu group 11
Jan 22 23:01:09 Techashi kernel: pci 0000:00:1e.0: Adding to iommu group 12
Jan 22 23:01:09 Techashi kernel: pci 0000:00:1e.3: Adding to iommu group 12
Jan 22 23:01:09 Techashi kernel: pci 0000:00:1f.0: Adding to iommu group 13
Jan 22 23:01:09 Techashi kernel: pci 0000:00:1f.3: Adding to iommu group 13
Jan 22 23:01:09 Techashi kernel: pci 0000:00:1f.4: Adding to iommu group 13
Jan 22 23:01:09 Techashi kernel: pci 0000:00:1f.5: Adding to iommu group 13
Jan 22 23:01:09 Techashi kernel: pci 0000:01:00.0: Adding to iommu group 14
Jan 22 23:01:09 Techashi kernel: DMAR: Intel(R) Virtualization Technology for Directed I/O
Jan 22 23:01:09 Techashi kernel: PCI-DMA: Using software bounce buffering for IO (SWIOTLB)
Jan 22 23:01:09 Techashi kernel: software IO TLB: mapped [mem 0x0000000081000000-0x0000000085000000] (64MB)
Jan 22 23:01:09 Techashi kernel: sgx: EPC section 0x90200000-0x95f7ffff
Jan 22 23:01:09 Techashi kernel: sgx: SGX disabled: SGX launch control CPU feature is not available, /dev/sgx_enclave disabled.
Jan 22 23:01:09 Techashi kernel: Initialise system trusted keyrings
Jan 22 23:01:09 Techashi kernel: Key type blacklist registered
Jan 22 23:01:09 Techashi kernel: workingset: timestamp_bits=36 max_order=21 bucket_order=0
Jan 22 23:01:09 Techashi kernel: zbud: loaded
Jan 22 23:01:09 Techashi kernel: integrity: Platform Keyring initialized
Jan 22 23:01:09 Techashi kernel: integrity: Machine keyring initialized
Jan 22 23:01:09 Techashi kernel: Key type asymmetric registered
Jan 22 23:01:09 Techashi kernel: Asymmetric key parser 'x509' registered
Jan 22 23:01:09 Techashi kernel: Freeing initrd memory: 68440K
Jan 22 23:01:09 Techashi kernel: alg: self-tests for CTR-KDF (hmac(sha256)) passed
Jan 22 23:01:09 Techashi kernel: Block layer SCSI generic (bsg) driver version 0.4 loaded (major 248)
Jan 22 23:01:09 Techashi kernel: io scheduler mq-deadline registered
Jan 22 23:01:09 Techashi kernel: pcieport 0000:00:1d.0: PME: Signaling with IRQ 122
Jan 22 23:01:09 Techashi kernel: pcieport 0000:00:1d.0: AER: enabled with IRQ 122
Jan 22 23:01:09 Techashi kernel: pcieport 0000:00:1d.0: DPC: enabled with IRQ 122
Jan 22 23:01:09 Techashi kernel: pcieport 0000:00:1d.0: DPC: error containment capabilities: Int Msg #0, RPExt+ PoisonedTLP+ SwTrigger+ RP PIO Log 4, DL_ActiveErr+
Jan 22 23:01:09 Techashi kernel: shpchp: Standard Hot Plug PCI Controller Driver version: 0.4
Jan 22 23:01:09 Techashi kernel: thermal LNXTHERM:00: registered as thermal_zone0
Jan 22 23:01:09 Techashi kernel: ACPI: thermal: Thermal Zone [TZ01] (86 C)
Jan 22 23:01:09 Techashi kernel: Serial: 8250/16550 driver, 4 ports, IRQ sharing enabled
Jan 22 23:01:09 Techashi kernel: hpet_acpi_add: no address or irqs in _CRS
Jan 22 23:01:09 Techashi kernel: Linux agpgart interface v0.103
Jan 22 23:01:09 Techashi kernel: AMD-Vi: AMD IOMMUv2 functionality not available on this system - This is not a bug.
Jan 22 23:01:09 Techashi kernel: i8042: PNP: PS/2 Controller [PNP0303:PS2K] at 0x60,0x64 irq 1
Jan 22 23:01:09 Techashi kernel: i8042: PNP: PS/2 appears to have AUX port disabled, if this is incorrect please boot with i8042.nopnp
Jan 22 23:01:09 Techashi kernel: serio: i8042 KBD port at 0x60,0x64 irq 1
Jan 22 23:01:09 Techashi kernel: mousedev: PS/2 mouse device common for all mice
Jan 22 23:01:09 Techashi kernel: rtc_cmos 00:04: RTC can wake from S4
Jan 22 23:01:09 Techashi kernel: rtc_cmos 00:04: registered as rtc0
Jan 22 23:01:09 Techashi kernel: rtc_cmos 00:04: setting system clock to 2026-01-22T21:01:06 UTC (1769115666)
Jan 22 23:01:09 Techashi kernel: rtc_cmos 00:04: alarms up to one month, y3k, 242 bytes nvram
Jan 22 23:01:09 Techashi kernel: intel_pstate: Intel P-state driver initializing
Jan 22 23:01:09 Techashi kernel: intel_pstate: HWP enabled
Jan 22 23:01:09 Techashi kernel: ledtrig-cpu: registered to indicate activity on CPUs
Jan 22 23:01:09 Techashi kernel: efifb: probing for efifb
Jan 22 23:01:09 Techashi kernel: efifb: framebuffer at 0xa0000000, using 8128k, total 8128k
Jan 22 23:01:09 Techashi kernel: efifb: mode is 1920x1080x32, linelength=7680, pages=1
Jan 22 23:01:09 Techashi kernel: efifb: scrolling: redraw
Jan 22 23:01:09 Techashi kernel: efifb: Truecolor: size=8:8:8:8, shift=24:16:8:0
Jan 22 23:01:09 Techashi kernel: Console: switching to colour frame buffer device 240x67
Jan 22 23:01:09 Techashi kernel: fb0: EFI VGA frame buffer device
Jan 22 23:01:09 Techashi kernel: input: AT Translated Set 2 keyboard as /devices/platform/i8042/serio0/input/input0
Jan 22 23:01:09 Techashi kernel: NET: Registered PF_INET6 protocol family
Jan 22 23:01:09 Techashi kernel: Segment Routing with IPv6
Jan 22 23:01:09 Techashi kernel: In-situ OAM (IOAM) with IPv6
Jan 22 23:01:09 Techashi kernel: mip6: Mobile IPv6
Jan 22 23:01:09 Techashi kernel: NET: Registered PF_PACKET protocol family
Jan 22 23:01:09 Techashi kernel: mpls_gso: MPLS GSO support
Jan 22 23:01:09 Techashi kernel: microcode: sig=0x806ec, pf=0x4, revision=0x100
Jan 22 23:01:09 Techashi kernel: microcode: Microcode Update Driver: v2.2.
Jan 22 23:01:09 Techashi kernel: IPI shorthand broadcast: enabled
Jan 22 23:01:09 Techashi kernel: sched_clock: Marking stable (1078773052, 7170128)->(1117894878, -31951698)
Jan 22 23:01:09 Techashi kernel: registered taskstats version 1
Jan 22 23:01:09 Techashi kernel: Loading compiled-in X.509 certificates
Jan 22 23:01:09 Techashi kernel: Loaded X.509 cert 'Build time autogenerated kernel key: 7d40b5879eeac23d967e37e6c0d805d1aaed8fd5'
Jan 22 23:01:09 Techashi kernel: zswap: loaded using pool lzo/zbud
Jan 22 23:01:09 Techashi kernel: Key type .fscrypt registered
Jan 22 23:01:09 Techashi kernel: Key type fscrypt-provisioning registered
Jan 22 23:01:09 Techashi kernel: Key type encrypted registered
Jan 22 23:01:09 Techashi kernel: AppArmor: AppArmor sha1 policy hashing enabled
Jan 22 23:01:09 Techashi kernel: ima: Allocated hash algorithm: sha256
Jan 22 23:01:09 Techashi kernel: ima: No architecture policies found
Jan 22 23:01:09 Techashi kernel: evm: Initialising EVM extended attributes:
Jan 22 23:01:09 Techashi kernel: evm: security.selinux
Jan 22 23:01:09 Techashi kernel: evm: security.SMACK64 (disabled)
Jan 22 23:01:09 Techashi kernel: evm: security.SMACK64EXEC (disabled)
Jan 22 23:01:09 Techashi kernel: evm: security.SMACK64TRANSMUTE (disabled)
Jan 22 23:01:09 Techashi kernel: evm: security.SMACK64MMAP (disabled)
Jan 22 23:01:09 Techashi kernel: evm: security.apparmor
Jan 22 23:01:09 Techashi kernel: evm: security.ima
Jan 22 23:01:09 Techashi kernel: evm: security.capability
Jan 22 23:01:09 Techashi kernel: evm: HMAC attrs: 0x1
Jan 22 23:01:09 Techashi kernel: clk: Disabling unused clocks
Jan 22 23:01:09 Techashi kernel: Freeing unused decrypted memory: 2036K
Jan 22 23:01:09 Techashi kernel: Freeing unused kernel image (initmem) memory: 2812K
Jan 22 23:01:09 Techashi kernel: Write protecting the kernel read-only data: 26624k
Jan 22 23:01:09 Techashi kernel: Freeing unused kernel image (text/rodata gap) memory: 2040K
Jan 22 23:01:09 Techashi kernel: Freeing unused kernel image (rodata/data gap) memory: 1132K
Jan 22 23:01:09 Techashi kernel: x86/mm: Checked W+X mappings: passed, no W+X pages found.
Jan 22 23:01:09 Techashi kernel: Run /init as init process
Jan 22 23:01:09 Techashi kernel:   with arguments:
Jan 22 23:01:09 Techashi kernel:     /init
Jan 22 23:01:09 Techashi kernel:   with environment:
Jan 22 23:01:09 Techashi kernel:     HOME=/
Jan 22 23:01:09 Techashi kernel:     TERM=linux
Jan 22 23:01:09 Techashi kernel: input: Power Button as /devices/LNXSYSTM:00/LNXSYBUS:00/PNP0C0C:00/input/input1
Jan 22 23:01:09 Techashi kernel: ACPI: button: Power Button [PWRB]
Jan 22 23:01:09 Techashi kernel: input: Lid Switch as /devices/LNXSYSTM:00/LNXSYBUS:00/PNP0C0D:00/input/input2
Jan 22 23:01:09 Techashi kernel: ACPI: button: Lid Switch [LID0]
Jan 22 23:01:09 Techashi kernel: input: Power Button as /devices/LNXSYSTM:00/LNXPWRBN:00/input/input3
Jan 22 23:01:09 Techashi kernel: ACPI: button: Power Button [PWRF]
Jan 22 23:01:09 Techashi kernel: ACPI: battery: Slot [BAT1] (battery present)
Jan 22 23:01:09 Techashi kernel: hid: raw HID events driver (C) Jiri Kosina
Jan 22 23:01:09 Techashi kernel: i801_smbus 0000:00:1f.4: SPD Write Disable is set
Jan 22 23:01:09 Techashi kernel: i801_smbus 0000:00:1f.4: SMBus using PCI interrupt
Jan 22 23:01:09 Techashi kernel: i2c i2c-0: 2/2 memory slots populated (from DMI)
Jan 22 23:01:09 Techashi kernel: intel-lpss 0000:00:15.0: enabling device (0004 -> 0006)
Jan 22 23:01:09 Techashi kernel: idma64 idma64.0: Found Intel integrated DMA 64-bit
Jan 22 23:01:09 Techashi kernel: SCSI subsystem initialized
Jan 22 23:01:09 Techashi kernel: ACPI: bus type USB registered
Jan 22 23:01:09 Techashi kernel: usbcore: registered new interface driver usbfs
Jan 22 23:01:09 Techashi kernel: usbcore: registered new interface driver hub
Jan 22 23:01:09 Techashi kernel: usbcore: registered new device driver usb
Jan 22 23:01:09 Techashi kernel: intel-lpss 0000:00:15.1: enabling device (0004 -> 0006)
Jan 22 23:01:09 Techashi kernel: idma64 idma64.1: Found Intel integrated DMA 64-bit
Jan 22 23:01:09 Techashi kernel: ACPI: bus type drm_connector registered
Jan 22 23:01:09 Techashi kernel: libata version 3.00 loaded.
Jan 22 23:01:09 Techashi kernel: intel-lpss 0000:00:19.0: enabling device (0004 -> 0006)
Jan 22 23:01:09 Techashi kernel: intel-lpss 0000:00:1e.0: enabling device (0004 -> 0006)
Jan 22 23:01:09 Techashi kernel: idma64 idma64.3: Found Intel integrated DMA 64-bit
Jan 22 23:01:09 Techashi kernel: dw-apb-uart.3: ttyS0 at MMIO 0x9b803000 (irq = 20, base_baud = 7500000) is a 16550A
Jan 22 23:01:09 Techashi kernel: intel-lpss 0000:00:1e.3: enabling device (0004 -> 0006)
Jan 22 23:01:09 Techashi kernel: idma64 idma64.4: Found Intel integrated DMA 64-bit
Jan 22 23:01:09 Techashi kernel: input: GXTP7863:00 27C6:01E0 Mouse as /devices/pci0000:00/0000:00:15.0/i2c_designware.0/i2c-1/i2c-GXTP7863:00/0018:27C6:01E0.0001/input/input4
Jan 22 23:01:09 Techashi kernel: input: GXTP7863:00 27C6:01E0 Touchpad as /devices/pci0000:00/0000:00:15.0/i2c_designware.0/i2c-1/i2c-GXTP7863:00/0018:27C6:01E0.0001/input/input5
Jan 22 23:01:09 Techashi kernel: hid-generic 0018:27C6:01E0.0001: input,hidraw0: I2C HID v1.00 Mouse [GXTP7863:00 27C6:01E0] on i2c-GXTP7863:00
Jan 22 23:01:09 Techashi kernel: ahci 0000:00:17.0: version 3.0
Jan 22 23:01:09 Techashi kernel: ahci 0000:00:17.0: AHCI 0001.0301 32 slots 1 ports 6 Gbps 0x4 impl SATA mode
Jan 22 23:01:09 Techashi kernel: ahci 0000:00:17.0: flags: 64bit ncq sntf pm clo only pio slum part deso sadm sds apst 
Jan 22 23:01:09 Techashi kernel: scsi host0: ahci
Jan 22 23:01:09 Techashi kernel: scsi host1: ahci
Jan 22 23:01:09 Techashi kernel: scsi host2: ahci
Jan 22 23:01:09 Techashi kernel: ata1: DUMMY
Jan 22 23:01:09 Techashi kernel: ata2: DUMMY
Jan 22 23:01:09 Techashi kernel: ata3: SATA max UDMA/133 abar m2048@0xb122f000 port 0xb122f200 irq 124
Jan 22 23:01:09 Techashi kernel: input: GXTP7863:00 27C6:01E0 Mouse as /devices/pci0000:00/0000:00:15.0/i2c_designware.0/i2c-1/i2c-GXTP7863:00/0018:27C6:01E0.0001/input/input7
Jan 22 23:01:09 Techashi kernel: input: GXTP7863:00 27C6:01E0 Touchpad as /devices/pci0000:00/0000:00:15.0/i2c_designware.0/i2c-1/i2c-GXTP7863:00/0018:27C6:01E0.0001/input/input8
Jan 22 23:01:09 Techashi kernel: hid-multitouch 0018:27C6:01E0.0001: input,hidraw0: I2C HID v1.00 Mouse [GXTP7863:00 27C6:01E0] on i2c-GXTP7863:00
Jan 22 23:01:09 Techashi kernel: tsc: Refined TSC clocksource calibration: 2112.006 MHz
Jan 22 23:01:09 Techashi kernel: clocksource: tsc: mask: 0xffffffffffffffff max_cycles: 0x1e717e40680, max_idle_ns: 440795297614 ns
Jan 22 23:01:09 Techashi kernel: clocksource: Switched to clocksource tsc
Jan 22 23:01:09 Techashi kernel: ata3: SATA link down (SStatus 4 SControl 300)
Jan 22 23:01:09 Techashi kernel: xhci_hcd 0000:00:14.0: xHCI Host Controller
Jan 22 23:01:09 Techashi kernel: xhci_hcd 0000:00:14.0: new USB bus registered, assigned bus number 1
Jan 22 23:01:09 Techashi kernel: nvme 0000:01:00.0: platform quirk: setting simple suspend
Jan 22 23:01:09 Techashi kernel: nvme nvme0: pci function 0000:01:00.0
Jan 22 23:01:09 Techashi kernel: xhci_hcd 0000:00:14.0: hcc params 0x200077c1 hci version 0x110 quirks 0x0000000000009810
Jan 22 23:01:09 Techashi kernel: xhci_hcd 0000:00:14.0: xHCI Host Controller
Jan 22 23:01:09 Techashi kernel: xhci_hcd 0000:00:14.0: new USB bus registered, assigned bus number 2
Jan 22 23:01:09 Techashi kernel: xhci_hcd 0000:00:14.0: Host supports USB 3.1 Enhanced SuperSpeed
Jan 22 23:01:09 Techashi kernel: usb usb1: New USB device found, idVendor=1d6b, idProduct=0002, bcdDevice= 6.01
Jan 22 23:01:09 Techashi kernel: usb usb1: New USB device strings: Mfr=3, Product=2, SerialNumber=1
Jan 22 23:01:09 Techashi kernel: usb usb1: Product: xHCI Host Controller
Jan 22 23:01:09 Techashi kernel: usb usb1: Manufacturer: Linux 6.1.0-42-amd64 xhci-hcd
Jan 22 23:01:09 Techashi kernel: usb usb1: SerialNumber: 0000:00:14.0
Jan 22 23:01:09 Techashi kernel: hub 1-0:1.0: USB hub found
Jan 22 23:01:09 Techashi kernel: hub 1-0:1.0: 12 ports detected
Jan 22 23:01:09 Techashi kernel: usb usb2: New USB device found, idVendor=1d6b, idProduct=0003, bcdDevice= 6.01
Jan 22 23:01:09 Techashi kernel: usb usb2: New USB device strings: Mfr=3, Product=2, SerialNumber=1
Jan 22 23:01:09 Techashi kernel: usb usb2: Product: xHCI Host Controller
Jan 22 23:01:09 Techashi kernel: usb usb2: Manufacturer: Linux 6.1.0-42-amd64 xhci-hcd
Jan 22 23:01:09 Techashi kernel: usb usb2: SerialNumber: 0000:00:14.0
Jan 22 23:01:09 Techashi kernel: hub 2-0:1.0: USB hub found
Jan 22 23:01:09 Techashi kernel: hub 2-0:1.0: 6 ports detected
Jan 22 23:01:09 Techashi kernel: nvme nvme0: allocated 32 MiB host memory buffer.
Jan 22 23:01:09 Techashi kernel: nvme nvme0: 8/0/0 default/read/poll queues
Jan 22 23:01:09 Techashi kernel:  nvme0n1: p1 p2 p3
Jan 22 23:01:09 Techashi kernel: usb 1-5: new full-speed USB device number 2 using xhci_hcd
Jan 22 23:01:09 Techashi kernel: i915 0000:00:02.0: [drm] VT-d active for gfx access
Jan 22 23:01:09 Techashi kernel: Console: switching to colour dummy device 80x25
Jan 22 23:01:09 Techashi kernel: i915 0000:00:02.0: vgaarb: deactivate vga console
Jan 22 23:01:09 Techashi kernel: i915 0000:00:02.0: [drm] Using Transparent Hugepages
Jan 22 23:01:09 Techashi kernel: i915 0000:00:02.0: vgaarb: changed VGA decodes: olddecodes=io+mem,decodes=io+mem:owns=io+mem
Jan 22 23:01:09 Techashi kernel: i915 0000:00:02.0: firmware: direct-loading firmware i915/kbl_dmc_ver1_04.bin
Jan 22 23:01:09 Techashi kernel: i915 0000:00:02.0: [drm] Finished loading DMC firmware i915/kbl_dmc_ver1_04.bin (v1.4)
Jan 22 23:01:09 Techashi kernel: i915 0000:00:02.0: [drm] [ENCODER:102:DDI B/PHY B] is disabled/in DSI mode with an ungated DDI clock, gate it
Jan 22 23:01:09 Techashi kernel: i915 0000:00:02.0: [drm] [ENCODER:111:DDI C/PHY C] is disabled/in DSI mode with an ungated DDI clock, gate it
Jan 22 23:01:09 Techashi kernel: [drm] Initialized i915 1.6.0 20201103 for 0000:00:02.0 on minor 0
Jan 22 23:01:09 Techashi kernel: ACPI: video: Video Device [GFX0] (multi-head: yes  rom: no  post: no)
Jan 22 23:01:09 Techashi kernel: input: Video Bus as /devices/LNXSYSTM:00/LNXSYBUS:00/PNP0A08:00/LNXVIDEO:00/input/input10
Jan 22 23:01:09 Techashi kernel: usb 1-5: New USB device found, idVendor=047f, idProduct=c056, bcdDevice= 2.10
Jan 22 23:01:09 Techashi kernel: usb 1-5: New USB device strings: Mfr=1, Product=2, SerialNumber=3
Jan 22 23:01:09 Techashi kernel: usb 1-5: Product: Plantronics Blackwire 3220 Series
Jan 22 23:01:09 Techashi kernel: usb 1-5: Manufacturer: Plantronics
Jan 22 23:01:09 Techashi kernel: usb 1-5: SerialNumber: 25116B1624601B46AFC590EA5169449C
Jan 22 23:01:09 Techashi kernel: usb 1-6: new high-speed USB device number 3 using xhci_hcd
Jan 22 23:01:09 Techashi kernel: fbcon: i915drmfb (fb0) is primary device
Jan 22 23:01:09 Techashi kernel: Console: switching to colour frame buffer device 240x67
Jan 22 23:01:09 Techashi kernel: i915 0000:00:02.0: [drm] fb0: i915drmfb frame buffer device
Jan 22 23:01:09 Techashi kernel: usb 1-6: New USB device found, idVendor=13d3, idProduct=5476, bcdDevice=21.05
Jan 22 23:01:09 Techashi kernel: usb 1-6: New USB device strings: Mfr=3, Product=1, SerialNumber=2
Jan 22 23:01:09 Techashi kernel: usb 1-6: Product: HD Camera
Jan 22 23:01:09 Techashi kernel: usb 1-6: Manufacturer: Azurewave
Jan 22 23:01:09 Techashi kernel: usb 1-6: SerialNumber: 0001
Jan 22 23:01:09 Techashi kernel: usb 1-10: new full-speed USB device number 4 using xhci_hcd
Jan 22 23:01:09 Techashi kernel: usb 1-10: New USB device found, idVendor=8087, idProduct=0aaa, bcdDevice= 0.02
Jan 22 23:01:09 Techashi kernel: usb 1-10: New USB device strings: Mfr=0, Product=0, SerialNumber=0
Jan 22 23:01:09 Techashi kernel: usbcore: registered new interface driver usbhid
Jan 22 23:01:09 Techashi kernel: usbhid: USB HID core driver
Jan 22 23:01:09 Techashi kernel: input: Plantronics Plantronics Blackwire 3220 Series as /devices/pci0000:00/0000:00:14.0/usb1/1-5/1-5:1.3/0003:047F:C056.0002/input/input11
Jan 22 23:01:09 Techashi kernel: plantronics 0003:047F:C056.0002: input,hiddev0,hidraw1: USB HID v1.11 Device [Plantronics Plantronics Blackwire 3220 Series] on usb-0000:00:14.0-5/input3
Jan 22 23:01:09 Techashi kernel: PM: Image not found (code -22)
Jan 22 23:01:09 Techashi kernel: EXT4-fs (nvme0n1p2): mounted filesystem with ordered data mode. Quota mode: none.
Jan 22 23:01:09 Techashi kernel: Not activating Mandatory Access Control as /sbin/tomoyo-init does not exist.
Jan 22 23:01:09 Techashi systemd[1]: Inserted module 'autofs4'
Jan 22 23:01:09 Techashi systemd[1]: systemd 252.39-1~deb12u1 running in system mode (+PAM +AUDIT +SELINUX +APPARMOR +IMA +SMACK +SECCOMP +GCRYPT -GNUTLS +OPENSSL +ACL +BLKID +CURL +ELFUTILS +FIDO2 +IDN2 -IDN +IPTC +KMOD +LIBCRYPTSETUP +LIBFDISK +PCRE2 -PWQUALITY +P11KIT +QRENCODE +TPM2 +BZIP2 +LZ4 +XZ +ZLIB +ZSTD -BPF_FRAMEWORK -XKBCOMMON +UTMP +SYSVINIT default-hierarchy=unified)
Jan 22 23:01:09 Techashi systemd[1]: Detected architecture x86-64.
Jan 22 23:01:09 Techashi systemd[1]: Hostname set to <Techashi>.
Jan 22 23:01:09 Techashi systemd[1]: Queued start job for default target graphical.target.
Jan 22 23:01:09 Techashi systemd[1]: Created slice machine.slice - Virtual Machine and Container Slice.
Jan 22 23:01:09 Techashi systemd[1]: Created slice system-getty.slice - Slice /system/getty.
Jan 22 23:01:09 Techashi systemd[1]: Created slice system-modprobe.slice - Slice /system/modprobe.
Jan 22 23:01:09 Techashi systemd[1]: Created slice system-postgresql.slice - Slice /system/postgresql.
Jan 22 23:01:09 Techashi systemd[1]: Created slice system-systemd\x2dfsck.slice - Slice /system/systemd-fsck.
Jan 22 23:01:09 Techashi systemd[1]: Created slice user.slice - User and Session Slice.
Jan 22 23:01:09 Techashi systemd[1]: Started systemd-ask-password-wall.path - Forward Password Requests to Wall Directory Watch.
Jan 22 23:01:09 Techashi systemd[1]: Set up automount proc-sys-fs-binfmt_misc.automount - Arbitrary Executable File Formats File System Automount Point.
Jan 22 23:01:09 Techashi systemd[1]: Expecting device dev-disk-by\x2duuid-13CD\x2d16A5.device - /dev/disk/by-uuid/13CD-16A5...
Jan 22 23:01:09 Techashi systemd[1]: Expecting device dev-disk-by\x2duuid-343739fc\x2d236c\x2d4475\x2d89eb\x2d65f519fe2eb4.device - /dev/disk/by-uuid/343739fc-236c-4475-89eb-65f519fe2eb4...
Jan 22 23:01:09 Techashi systemd[1]: Reached target integritysetup.target - Local Integrity Protected Volumes.
Jan 22 23:01:09 Techashi systemd[1]: Reached target nss-user-lookup.target - User and Group Name Lookups.
Jan 22 23:01:09 Techashi systemd[1]: Reached target remote-fs.target - Remote File Systems.
Jan 22 23:01:09 Techashi systemd[1]: Reached target slices.target - Slice Units.
Jan 22 23:01:09 Techashi systemd[1]: Reached target veritysetup.target - Local Verity Protected Volumes.
Jan 22 23:01:09 Techashi systemd[1]: Reached target virt-guest-shutdown.target - Libvirt guests shutdown.
Jan 22 23:01:09 Techashi systemd[1]: Listening on dm-event.socket - Device-mapper event daemon FIFOs.
Jan 22 23:01:09 Techashi systemd[1]: Listening on lvm2-lvmpolld.socket - LVM2 poll daemon socket.
Jan 22 23:01:09 Techashi systemd[1]: Listening on systemd-coredump.socket - Process Core Dump Socket.
Jan 22 23:01:09 Techashi systemd[1]: Listening on systemd-fsckd.socket - fsck to fsckd communication Socket.
Jan 22 23:01:09 Techashi systemd[1]: Listening on systemd-initctl.socket - initctl Compatibility Named Pipe.
Jan 22 23:01:09 Techashi systemd[1]: Listening on systemd-journald-audit.socket - Journal Audit Socket.
Jan 22 23:01:09 Techashi systemd[1]: Listening on systemd-journald-dev-log.socket - Journal Socket (/dev/log).
Jan 22 23:01:09 Techashi systemd[1]: Listening on systemd-journald.socket - Journal Socket.
Jan 22 23:01:09 Techashi systemd[1]: Listening on systemd-udevd-control.socket - udev Control Socket.
Jan 22 23:01:09 Techashi systemd[1]: Listening on systemd-udevd-kernel.socket - udev Kernel Socket.
Jan 22 23:01:09 Techashi systemd[1]: Mounting dev-hugepages.mount - Huge Pages File System...
Jan 22 23:01:09 Techashi systemd[1]: Mounting dev-mqueue.mount - POSIX Message Queue File System...
Jan 22 23:01:09 Techashi systemd[1]: Mounting sys-kernel-debug.mount - Kernel Debug File System...
Jan 22 23:01:09 Techashi systemd[1]: Mounting sys-kernel-tracing.mount - Kernel Trace File System...
Jan 22 23:01:09 Techashi systemd[1]: Finished blk-availability.service - Availability of block devices.
Jan 22 23:01:09 Techashi systemd[1]: Starting keyboard-setup.service - Set the console keyboard layout...
Jan 22 23:01:09 Techashi systemd[1]: Starting kmod-static-nodes.service - Create List of Static Device Nodes...
Jan 22 23:01:09 Techashi systemd[1]: Starting lvm2-monitor.service - Monitoring of LVM2 mirrors, snapshots etc. using dmeventd or progress polling...
Jan 22 23:01:09 Techashi systemd[1]: Starting modprobe@configfs.service - Load Kernel Module configfs...
Jan 22 23:01:09 Techashi systemd[1]: Starting modprobe@dm_mod.service - Load Kernel Module dm_mod...
Jan 22 23:01:09 Techashi systemd[1]: Starting modprobe@drm.service - Load Kernel Module drm...
Jan 22 23:01:09 Techashi systemd[1]: Starting modprobe@efi_pstore.service - Load Kernel Module efi_pstore...
Jan 22 23:01:09 Techashi systemd[1]: Starting modprobe@fuse.service - Load Kernel Module fuse...
Jan 22 23:01:09 Techashi systemd[1]: Starting modprobe@loop.service - Load Kernel Module loop...
Jan 22 23:01:09 Techashi systemd[1]: systemd-fsck-root.service - File System Check on Root Device was skipped because of an unmet condition check (ConditionPathExists=!/run/initramfs/fsck-root).
Jan 22 23:01:09 Techashi kernel: pstore: Using crash dump compression: deflate
Jan 22 23:01:09 Techashi systemd[1]: Starting systemd-journald.service - Journal Service...
Jan 22 23:01:09 Techashi systemd[1]: Starting systemd-modules-load.service - Load Kernel Modules...
Jan 22 23:01:09 Techashi systemd[1]: Starting systemd-remount-fs.service - Remount Root and Kernel File Systems...
Jan 22 23:01:09 Techashi systemd[1]: Starting systemd-udev-trigger.service - Coldplug All udev Devices...
Jan 22 23:01:09 Techashi systemd[1]: Mounted dev-hugepages.mount - Huge Pages File System.
Jan 22 23:01:09 Techashi systemd[1]: Mounted dev-mqueue.mount - POSIX Message Queue File System.
Jan 22 23:01:09 Techashi systemd[1]: Mounted sys-kernel-debug.mount - Kernel Debug File System.
Jan 22 23:01:09 Techashi systemd[1]: Mounted sys-kernel-tracing.mount - Kernel Trace File System.
Jan 22 23:01:09 Techashi kernel: device-mapper: core: CONFIG_IMA_DISABLE_HTABLE is disabled. Duplicate IMA measurements will not be recorded in the IMA log.
Jan 22 23:01:09 Techashi kernel: device-mapper: uevent: version 1.0.3
Jan 22 23:01:09 Techashi kernel: fuse: init (API version 7.38)
Jan 22 23:01:09 Techashi kernel: device-mapper: ioctl: 4.47.0-ioctl (2022-07-28) initialised: dm-devel@redhat.com
Jan 22 23:01:09 Techashi systemd[1]: Finished kmod-static-nodes.service - Create List of Static Device Nodes.
Jan 22 23:01:09 Techashi kernel: loop: module loaded
Jan 22 23:01:09 Techashi systemd[1]: modprobe@configfs.service: Deactivated successfully.
Jan 22 23:01:09 Techashi systemd[1]: Finished modprobe@configfs.service - Load Kernel Module configfs.
Jan 22 23:01:09 Techashi systemd[1]: modprobe@dm_mod.service: Deactivated successfully.
Jan 22 23:01:09 Techashi systemd[1]: Finished modprobe@dm_mod.service - Load Kernel Module dm_mod.
Jan 22 23:01:09 Techashi systemd[1]: modprobe@drm.service: Deactivated successfully.
Jan 22 23:01:09 Techashi systemd[1]: Finished modprobe@drm.service - Load Kernel Module drm.
Jan 22 23:01:09 Techashi systemd[1]: modprobe@fuse.service: Deactivated successfully.
Jan 22 23:01:09 Techashi systemd[1]: Finished modprobe@fuse.service - Load Kernel Module fuse.
Jan 22 23:01:09 Techashi systemd[1]: modprobe@loop.service: Deactivated successfully.
Jan 22 23:01:09 Techashi systemd[1]: Finished modprobe@loop.service - Load Kernel Module loop.
Jan 22 23:01:09 Techashi systemd[1]: Mounting sys-fs-fuse-connections.mount - FUSE Control File System...
Jan 22 23:01:09 Techashi systemd[1]: Mounting sys-kernel-config.mount - Kernel Configuration File System...
Jan 22 23:01:09 Techashi systemd[1]: systemd-repart.service - Repartition Root Disk was skipped because no trigger condition checks were met.
Jan 22 23:01:09 Techashi systemd[1]: Mounted sys-fs-fuse-connections.mount - FUSE Control File System.
Jan 22 23:01:09 Techashi kernel: EXT4-fs (nvme0n1p2): re-mounted. Quota mode: none.
Jan 22 23:01:09 Techashi systemd[1]: Finished systemd-remount-fs.service - Remount Root and Kernel File Systems.
Jan 22 23:01:09 Techashi systemd[1]: Mounted sys-kernel-config.mount - Kernel Configuration File System.
Jan 22 23:01:09 Techashi systemd[1]: systemd-firstboot.service - First Boot Wizard was skipped because of an unmet condition check (ConditionFirstBoot=yes).
Jan 22 23:01:09 Techashi kernel: lp: driver loaded but no devices found
Jan 22 23:01:09 Techashi systemd[1]: Starting systemd-random-seed.service - Load/Save Random Seed...
Jan 22 23:01:09 Techashi systemd[1]: Starting systemd-sysusers.service - Create System Users...
Jan 22 23:01:09 Techashi kernel: ppdev: user-space parallel port driver
Jan 22 23:01:09 Techashi systemd[1]: Finished systemd-random-seed.service - Load/Save Random Seed.
Jan 22 23:01:09 Techashi systemd[1]: first-boot-complete.target - First Boot Complete was skipped because of an unmet condition check (ConditionFirstBoot=yes).
Jan 22 23:01:09 Techashi kernel: pstore: Registered efi as persistent store backend
Jan 22 23:01:09 Techashi systemd[1]: modprobe@efi_pstore.service: Deactivated successfully.
Jan 22 23:01:09 Techashi systemd[1]: Finished modprobe@efi_pstore.service - Load Kernel Module efi_pstore.
Jan 22 23:01:09 Techashi systemd[1]: Finished systemd-modules-load.service - Load Kernel Modules.
Jan 22 23:01:09 Techashi systemd[1]: systemd-pstore.service - Platform Persistent Storage Archival was skipped because of an unmet condition check (ConditionDirectoryNotEmpty=/sys/fs/pstore).
Jan 22 23:01:09 Techashi systemd[1]: Starting systemd-sysctl.service - Apply Kernel Variables...
Jan 22 23:01:09 Techashi systemd[1]: Finished systemd-sysusers.service - Create System Users.
Jan 22 23:01:09 Techashi systemd[1]: Starting systemd-tmpfiles-setup-dev.service - Create Static Device Nodes in /dev...
Jan 22 23:01:09 Techashi systemd[1]: Finished systemd-sysctl.service - Apply Kernel Variables.
Jan 22 23:01:09 Techashi systemd[1]: Finished keyboard-setup.service - Set the console keyboard layout.
Jan 22 23:01:09 Techashi systemd[1]: Finished systemd-tmpfiles-setup-dev.service - Create Static Device Nodes in /dev.
Jan 22 23:01:09 Techashi systemd[1]: Starting systemd-udevd.service - Rule-based Manager for Device Events and Files...
Jan 22 23:01:09 Techashi systemd[1]: Started systemd-journald.service - Journal Service.
Jan 22 23:01:09 Techashi systemd-journald[330]: Received client request to flush runtime journal.
Jan 22 23:01:09 Techashi systemd-journald[330]: File /var/log/journal/ae6325e6adda4d03abc197aedefef088/system.journal corrupted or uncleanly shut down, renaming and replacing.
Jan 22 23:01:09 Techashi kernel: intel_pmc_core INT33A1:00:  initialized
Jan 22 23:01:09 Techashi kernel: Consider using thermal netlink events interface
Jan 22 23:01:09 Techashi kernel: ACPI: AC: AC Adapter [ACAD] (on-line)
Jan 22 23:01:09 Techashi kernel: Adding 999420k swap on /dev/nvme0n1p3.  Priority:-2 extents:1 across:999420k SSFS
Jan 22 23:01:10 Techashi kernel: input: PC Speaker as /devices/platform/pcspkr/input/input12
Jan 22 23:01:10 Techashi kernel: mc: Linux media interface: v0.10
Jan 22 23:01:10 Techashi kernel: iTCO_vendor_support: vendor-support=0
Jan 22 23:01:10 Techashi kernel: mei_me 0000:00:16.0: enabling device (0000 -> 0002)
Jan 22 23:01:10 Techashi kernel: videodev: Linux video capture interface: v2.00
Jan 22 23:01:10 Techashi kernel: iTCO_wdt iTCO_wdt: Found a Intel PCH TCO device (Version=6, TCOBASE=0x0400)
Jan 22 23:01:10 Techashi kernel: alg: No test for fips(ansi_cprng) (fips_ansi_cprng)
Jan 22 23:01:10 Techashi kernel: cfg80211: Loading compiled-in X.509 certificates for regulatory database
Jan 22 23:01:10 Techashi kernel: iTCO_wdt iTCO_wdt: initialized. heartbeat=30 sec (nowayout=0)
Jan 22 23:01:10 Techashi kernel: cfg80211: Loaded X.509 cert 'benh@debian.org: 577e021cb980e0e820821ba7b54b4961b8b4fadf'
Jan 22 23:01:10 Techashi kernel: cfg80211: Loaded X.509 cert 'romain.perier@gmail.com: 3abbc6ec146e09d1b6016ab9d6cf71dd233f0328'
Jan 22 23:01:10 Techashi kernel: cfg80211: Loaded X.509 cert 'sforshee: 00b28ddf47aef9cea7'
Jan 22 23:01:10 Techashi kernel: cfg80211: Loaded X.509 cert 'wens: 61c038651aabdcf94bd0ac7ff06c7248db18c600'
Jan 22 23:01:10 Techashi kernel: platform regulatory.0: firmware: direct-loading firmware regulatory.db
Jan 22 23:01:10 Techashi kernel: platform regulatory.0: firmware: direct-loading firmware regulatory.db.p7s
Jan 22 23:01:10 Techashi kernel: input: Huawei WMI hotkeys as /devices/platform/huawei-wmi/input/input13
Jan 22 23:01:10 Techashi kernel: intel_rapl_common: Found RAPL domain package
Jan 22 23:01:10 Techashi kernel: intel_rapl_common: Found RAPL domain dram
Jan 22 23:01:10 Techashi kernel: Intel(R) Wireless WiFi driver for Linux
Jan 22 23:01:10 Techashi kernel: ACPI: battery: new extension: Huawei Battery Extension
Jan 22 23:01:10 Techashi kernel: iwlwifi 0000:00:14.3: firmware: direct-loading firmware iwlwifi-QuZ-a0-jf-b0-72.ucode
Jan 22 23:01:10 Techashi kernel: iwlwifi 0000:00:14.3: api flags index 2 larger than supported by driver
Jan 22 23:01:10 Techashi kernel: iwlwifi 0000:00:14.3: TLV_FW_FSEQ_VERSION: FSEQ Version: 89.3.35.37
Jan 22 23:01:10 Techashi kernel: iwlwifi 0000:00:14.3: firmware: failed to load iwl-debug-yoyo.bin (-2)
Jan 22 23:01:10 Techashi kernel: firmware_class: See https://wiki.debian.org/Firmware for information about missing firmware
Jan 22 23:01:10 Techashi kernel: iwlwifi 0000:00:14.3: firmware: failed to load iwl-debug-yoyo.bin (-2)
Jan 22 23:01:10 Techashi kernel: iwlwifi 0000:00:14.3: loaded firmware version 72.daa05125.0 QuZ-a0-jf-b0-72.ucode op_mode iwlmvm
Jan 22 23:01:10 Techashi kernel: RAPL PMU: API unit is 2^-32 Joules, 5 fixed counters, 655360 ms ovfl timer
Jan 22 23:01:10 Techashi kernel: RAPL PMU: hw unit of domain pp0-core 2^-14 Joules
Jan 22 23:01:10 Techashi kernel: RAPL PMU: hw unit of domain package 2^-14 Joules
Jan 22 23:01:10 Techashi kernel: RAPL PMU: hw unit of domain dram 2^-14 Joules
Jan 22 23:01:10 Techashi kernel: RAPL PMU: hw unit of domain pp1-gpu 2^-14 Joules
Jan 22 23:01:10 Techashi kernel: RAPL PMU: hw unit of domain psys 2^-14 Joules
Jan 22 23:01:10 Techashi kernel: intel_rapl_common: Found RAPL domain package
Jan 22 23:01:10 Techashi kernel: intel_rapl_common: Found RAPL domain core
Jan 22 23:01:10 Techashi kernel: intel_rapl_common: Found RAPL domain uncore
Jan 22 23:01:10 Techashi kernel: intel_rapl_common: Found RAPL domain dram
Jan 22 23:01:10 Techashi kernel: intel_rapl_common: Found RAPL domain psys
Jan 22 23:01:10 Techashi kernel: usb 1-6: Found UVC 1.10 device HD Camera (13d3:5476)
Jan 22 23:01:10 Techashi kernel: cryptd: max_cpu_qlen set to 1000
Jan 22 23:01:10 Techashi kernel: input: HD Camera: HD Camera as /devices/pci0000:00/0000:00:14.0/usb1/1-6/1-6:1.0/input/input14
Jan 22 23:01:10 Techashi kernel: snd_hda_intel 0000:00:1f.3: DSP detected with PCI class/subclass/prog-if info 0x040100
Jan 22 23:01:10 Techashi kernel: usbcore: registered new interface driver uvcvideo
Jan 22 23:01:10 Techashi kernel: AVX2 version of gcm_enc/dec engaged.
Jan 22 23:01:10 Techashi kernel: AES CTR mode by8 optimization enabled
Jan 22 23:01:10 Techashi kernel: mei_hdcp 0000:00:16.0-b638ab7e-94e2-4ea2-a552-d1c54b627f04: bound 0000:00:02.0 (ops i915_hdcp_component_ops [i915])
Jan 22 23:01:10 Techashi kernel: iwlwifi 0000:00:14.3: Detected Intel(R) Wireless-AC 9560 160MHz, REV=0x351
Jan 22 23:01:10 Techashi kernel: thermal thermal_zone9: failed to read out thermal zone (-61)
Jan 22 23:01:10 Techashi kernel: Bluetooth: Core ver 2.22
Jan 22 23:01:10 Techashi kernel: NET: Registered PF_BLUETOOTH protocol family
Jan 22 23:01:10 Techashi kernel: Bluetooth: HCI device and connection manager initialized
Jan 22 23:01:10 Techashi kernel: Bluetooth: HCI socket layer initialized
Jan 22 23:01:10 Techashi kernel: Bluetooth: L2CAP socket layer initialized
Jan 22 23:01:10 Techashi kernel: Bluetooth: SCO socket layer initialized
Jan 22 23:01:10 Techashi kernel: kvm: unknown parameter 'enable_virt_at_load' ignored
Jan 22 23:01:10 Techashi kernel: usbcore: registered new interface driver btusb
Jan 22 23:01:10 Techashi kernel: Bluetooth: hci0: Bootloader revision 0.1 build 0 week 30 2018
Jan 22 23:01:10 Techashi kernel: Bluetooth: hci0: Device revision is 2
Jan 22 23:01:10 Techashi kernel: Bluetooth: hci0: Secure boot is enabled
Jan 22 23:01:10 Techashi kernel: Bluetooth: hci0: OTP lock is disabled
Jan 22 23:01:10 Techashi kernel: Bluetooth: hci0: API lock is enabled
Jan 22 23:01:10 Techashi kernel: Bluetooth: hci0: Debug lock is disabled
Jan 22 23:01:10 Techashi kernel: Bluetooth: hci0: Minimum firmware build 1 week 10 2014
Jan 22 23:01:10 Techashi kernel: bluetooth hci0: firmware: direct-loading firmware intel/ibt-19-0-1.sfi
Jan 22 23:01:10 Techashi kernel: Bluetooth: hci0: Found device firmware: intel/ibt-19-0-1.sfi
Jan 22 23:01:10 Techashi kernel: Bluetooth: hci0: Boot Address: 0x24800
Jan 22 23:01:10 Techashi kernel: Bluetooth: hci0: Firmware Version: 15-45.22
Jan 22 23:01:10 Techashi kernel: sof-audio-pci-intel-cnl 0000:00:1f.3: DSP detected with PCI class/subclass/prog-if info 0x040100
Jan 22 23:01:10 Techashi kernel: sof-audio-pci-intel-cnl 0000:00:1f.3: enabling device (0000 -> 0002)
Jan 22 23:01:10 Techashi kernel: sof-audio-pci-intel-cnl 0000:00:1f.3: DSP detected with PCI class/subclass/prog-if 0x040100
Jan 22 23:01:10 Techashi kernel: sof-audio-pci-intel-cnl 0000:00:1f.3: bound 0000:00:02.0 (ops i915_audio_component_bind_ops [i915])
Jan 22 23:01:10 Techashi kernel: sof-audio-pci-intel-cnl 0000:00:1f.3: use msi interrupt mode
Jan 22 23:01:10 Techashi kernel: iwlwifi 0000:00:14.3: Detected RF JF, rfid=0x105110
Jan 22 23:01:10 Techashi kernel: sof-audio-pci-intel-cnl 0000:00:1f.3: NHLT_DEVICE_I2S detected, ssp_mask 0x1
Jan 22 23:01:10 Techashi kernel: sof-audio-pci-intel-cnl 0000:00:1f.3: Overriding topology with MCLK mask 0x1 from NHLT
Jan 22 23:01:10 Techashi kernel: sof-audio-pci-intel-cnl 0000:00:1f.3: hda codecs found, mask 4
Jan 22 23:01:10 Techashi kernel: sof-audio-pci-intel-cnl 0000:00:1f.3: firmware: direct-loading firmware intel/sof/sof-cml.ri
Jan 22 23:01:10 Techashi kernel: sof-audio-pci-intel-cnl 0000:00:1f.3: Firmware info: version 2:2:0-57864
Jan 22 23:01:10 Techashi kernel: sof-audio-pci-intel-cnl 0000:00:1f.3: Firmware: ABI 3:22:1 Kernel ABI 3:23:0
Jan 22 23:01:10 Techashi kernel: sof-audio-pci-intel-cnl 0000:00:1f.3: unknown sof_ext_man header type 3 size 0x30
Jan 22 23:01:10 Techashi kernel: iwlwifi 0000:00:14.3: base HW address: 7c:50:79:6f:dc:cc
Jan 22 23:01:10 Techashi kernel: sof-audio-pci-intel-cnl 0000:00:1f.3: Firmware info: version 2:2:0-57864
Jan 22 23:01:10 Techashi kernel: sof-audio-pci-intel-cnl 0000:00:1f.3: Firmware: ABI 3:22:1 Kernel ABI 3:23:0
Jan 22 23:01:10 Techashi kernel: sof-essx8336 sof-essx8336: Overriding quirk 0x20 => 0x2
Jan 22 23:01:10 Techashi kernel: sof-essx8336 sof-essx8336: quirk mask 0x2
Jan 22 23:01:10 Techashi kernel: sof-essx8336 sof-essx8336: quirk SSP2
Jan 22 23:01:10 Techashi kernel: sof-audio-pci-intel-cnl 0000:00:1f.3: firmware: direct-loading firmware intel/sof-tplg/sof-cml-es8336-dmic2ch-ssp0.tplg
Jan 22 23:01:10 Techashi kernel: sof-audio-pci-intel-cnl 0000:00:1f.3: Topology: ABI 3:22:1 Kernel ABI 3:23:0
Jan 22 23:01:10 Techashi kernel: sof-audio-pci-intel-cnl 0000:00:1f.3: error: can't connect DAI SSP0.OUT stream SSP0-Codec
Jan 22 23:01:10 Techashi kernel: sof-audio-pci-intel-cnl 0000:00:1f.3: error: failed to add widget id 0 type 27 name : SSP0.OUT stream SSP0-Codec
Jan 22 23:01:10 Techashi kernel: sof-essx8336 sof-essx8336: ASoC: failed to load widget SSP0.OUT
Jan 22 23:01:10 Techashi kernel: sof-essx8336 sof-essx8336: ASoC: topology: could not load header: -22
Jan 22 23:01:10 Techashi kernel: sof-audio-pci-intel-cnl 0000:00:1f.3: error: tplg component load failed -22
Jan 22 23:01:10 Techashi kernel: sof-audio-pci-intel-cnl 0000:00:1f.3: error: failed to load DSP topology -22
Jan 22 23:01:10 Techashi kernel: sof-audio-pci-intel-cnl 0000:00:1f.3: ASoC: error at snd_soc_component_probe on 0000:00:1f.3: -22
Jan 22 23:01:10 Techashi kernel: sof-essx8336 sof-essx8336: ASoC: failed to instantiate card -22
Jan 22 23:01:10 Techashi kernel: sof-essx8336 sof-essx8336: snd_soc_register_card failed: -22
Jan 22 23:01:10 Techashi kernel: sof-essx8336: probe of sof-essx8336 failed with error -22
Jan 22 23:01:10 Techashi kernel: iwlwifi 0000:00:14.3 wlp0s20f3: renamed from wlan0
Jan 22 23:01:10 Techashi kernel: loop0: detected capacity change from 0 to 136904
Jan 22 23:01:10 Techashi kernel: loop1: detected capacity change from 0 to 136896
Jan 22 23:01:10 Techashi kernel: loop2: detected capacity change from 0 to 42440
Jan 22 23:01:10 Techashi kernel: loop3: detected capacity change from 0 to 104296
Jan 22 23:01:10 Techashi kernel: loop4: detected capacity change from 0 to 98480
Jan 22 23:01:10 Techashi kernel: squashfs: version 4.0 (2009/01/31) Phillip Lougher
Jan 22 23:01:10 Techashi kernel: audit: type=1400 audit(1769115670.779:2): apparmor="STATUS" operation="profile_load" profile="unconfined" name="lsb_release" pid=808 comm="apparmor_parser"
Jan 22 23:01:10 Techashi kernel: audit: type=1400 audit(1769115670.779:3): apparmor="STATUS" operation="profile_load" profile="unconfined" name="nvidia_modprobe" pid=811 comm="apparmor_parser"
Jan 22 23:01:10 Techashi kernel: audit: type=1400 audit(1769115670.779:4): apparmor="STATUS" operation="profile_load" profile="unconfined" name="nvidia_modprobe//kmod" pid=811 comm="apparmor_parser"
Jan 22 23:01:10 Techashi kernel: audit: type=1400 audit(1769115670.779:5): apparmor="STATUS" operation="profile_load" profile="unconfined" name="/usr/bin/man" pid=815 comm="apparmor_parser"
